[sites.google.com/site/riparaincangku/ホーム.html]
[backblue.gif]
[fade.gif]
[index.html]
[ssl.gstatic.com/atari/images/simple-header-blended-small.png]
[apis.google.com/js/clientc932.js]
[sites.google.com/site/riparaincangku/espertao-lkurftless-io-ftless.html]
[sites.google.com/site/riparaincangku/leiju-fon-aldasryrle.html]
[sites.google.com/site/riparaincangku/lipadiax.html]
[sites.google.com/site/riparaincangku/lipadiax/acirlo歌詞.html]
[sites.google.com/site/riparaincangku/lipadiax/acirlo歌詞/adle.html]
[sites.google.com/site/riparaincangku/lipadiax/acirlo歌詞/bad-apple.html]
[sites.google.com/site/riparaincangku/lipadiax/acirlo歌詞/cecorelm-es-da.html]
[sites.google.com/site/riparaincangku/lipadiax/acirlo歌詞/cene-senost-snirorvo.html]
[sites.google.com/site/riparaincangku/lipadiax/acirlo歌詞/enterkhnacional.html]
[sites.google.com/site/riparaincangku/lipadiax/acirlo歌詞/ferjud-la-riejiel-acirlo.html]
[sites.google.com/site/riparaincangku/lipadiax/acirlo歌詞/forttufeyd-athim.html]
[sites.google.com/site/riparaincangku/lipadiax/acirlo歌詞/indonexija-niejod.html]
[sites.google.com/site/riparaincangku/lipadiax/acirlo歌詞/kageroudeisu.html]
[sites.google.com/site/riparaincangku/lipadiax/acirlo歌詞/katyrxa.html]
[sites.google.com/site/riparaincangku/lipadiax/acirlo歌詞/kejix-ladircco.html]
[sites.google.com/site/riparaincangku/lipadiax/acirlo歌詞/ljumescel-la-lartass-da-alt-vej-corlnjeu-ankj.html]
[sites.google.com/site/riparaincangku/lipadiax/acirlo歌詞/la-echaltyrxen.html]
[sites.google.com/site/riparaincangku/lipadiax/acirlo歌詞/la-sneriend-acirlo.html]
[sites.google.com/site/riparaincangku/lipadiax/acirlo歌詞/lietuvad-cavierten-yuesderaven-chafiofesed-acirlon.html]
[sites.google.com/site/riparaincangku/lipadiax/acirlo歌詞/lineparine-laoziao.html]
[sites.google.com/site/riparaincangku/lipadiax/acirlo歌詞/mal-wioll-mak-miss-zel-snelodo.html]
[sites.google.com/site/riparaincangku/lipadiax/acirlo歌詞/mid-icco.html]
[sites.google.com/site/riparaincangku/lipadiax/acirlo歌詞/niefenda.html]
[sites.google.com/site/riparaincangku/lipadiax/acirlo歌詞/niejod-cagamihara.html]
[sites.google.com/site/riparaincangku/lipadiax/acirlo歌詞/puder-pudem-wioll.html]
[sites.google.com/site/riparaincangku/lipadiax/acirlo歌詞/raise.html]
[sites.google.com/site/riparaincangku/lipadiax/acirlo歌詞/sbrf-lxole-acirlon.html]
[sites.google.com/site/riparaincangku/lipadiax/acirlo歌詞/selene-rendofes.html]
[sites.google.com/site/riparaincangku/lipadiax/acirlo歌詞/stlaik-dha-blad.html]
[sites.google.com/site/riparaincangku/lipadiax/acirlo歌詞/stoxiet-elminal-snardze-niv.html]
[sites.google.com/site/riparaincangku/lipadiax/acirlo歌詞/tonir-es-panqa-lapen.html]
[sites.google.com/site/riparaincangku/lipadiax/acirlo歌詞/tudestacirl-d-elm-yuesleoned-y.html]
[sites.google.com/site/riparaincangku/lipadiax/acirlo歌詞/tudestacirld-lavnutlart.html]
[sites.google.com/site/riparaincangku/lipadiax/acirlo歌詞/xelken-alesd-la-acirlon.html]
[sites.google.com/site/riparaincangku/lipadiax/acirlo歌詞/xinid-cyfoi.html]
[sites.google.com/site/riparaincangku/lipadiax/acirlo歌詞/xolerssen-sniror.html]
[sites.google.com/site/riparaincangku/lipadiax/acirlo歌詞/xturgad-la-nukucol.html]
[sites.google.com/site/riparaincangku/lipadiax/acirlo歌詞/我がカザフスタン.html]
[sites.google.com/site/riparaincangku/lipadiax/krandiulja文芸作品等.html]
[sites.google.com/site/riparaincangku/lipadiax/krandiulja文芸作品等/aiar-sopit.html]
[sites.google.com/site/riparaincangku/lipadiax/krandiulja文芸作品等/alsekolard-la-lkurf.html]
[sites.google.com/site/riparaincangku/lipadiax/krandiulja文芸作品等/bochan.html]
[sites.google.com/site/riparaincangku/lipadiax/krandiulja文芸作品等/chirfar-fon-medarned-parcaxeral.html]
[sites.google.com/site/riparaincangku/lipadiax/krandiulja文芸作品等/conohinokiソノヒノキ.html]
[sites.google.com/site/riparaincangku/lipadiax/krandiulja文芸作品等/cysilartal-tvarsnaerl.html]
[sites.google.com/site/riparaincangku/lipadiax/krandiulja文芸作品等/dijyki-vynutalanerfeon-lex-knloan-57.html]
[sites.google.com/site/riparaincangku/lipadiax/krandiulja文芸作品等/eniard-foiiunud-sopit労働基準法.html]
[sites.google.com/site/riparaincangku/lipadiax/krandiulja文芸作品等/ersted-la-asvieu.html]
[sites.google.com/site/riparaincangku/lipadiax/krandiulja文芸作品等/fqa-es-toxu.html]
[sites.google.com/site/riparaincangku/lipadiax/krandiulja文芸作品等/harmue-kaglefti-mol.html]
[sites.google.com/site/riparaincangku/lipadiax/krandiulja文芸作品等/heska-lanermedy.html]
[sites.google.com/site/riparaincangku/lipadiax/krandiulja文芸作品等/hordzorkifasslarfa.html]
[sites.google.com/site/riparaincangku/lipadiax/krandiulja文芸作品等/jyvied-nermetixaler.html]
[sites.google.com/site/riparaincangku/lipadiax/krandiulja文芸作品等/jyvied-nermetixaler/1.html]
[sites.google.com/site/riparaincangku/lipadiax/krandiulja文芸作品等/jyvied-nermetixaler/2.html]
[sites.google.com/site/riparaincangku/lipadiax/krandiulja文芸作品等/jyvied-nermetixaler/3.html]
[sites.google.com/site/riparaincangku/lipadiax/krandiulja文芸作品等/jyvied-nermetixaler/4.html]
[sites.google.com/site/riparaincangku/lipadiax/krandiulja文芸作品等/koniende-iccod-alicu古ユナ語版.html]
[sites.google.com/site/riparaincangku/lipadiax/krandiulja文芸作品等/kranteerl-y-io-xal.html]
[sites.google.com/site/riparaincangku/lipadiax/krandiulja文芸作品等/kranteerl-y-io-xelken.html]
[sites.google.com/site/riparaincangku/lipadiax/krandiulja文芸作品等/lesbackad-laesnifo.html]
[sites.google.com/site/riparaincangku/lipadiax/krandiulja文芸作品等/liqkaxy-io-ircalart-lot-sulaun.html]
[sites.google.com/site/riparaincangku/lipadiax/krandiulja文芸作品等/lurkxargad-lixunafhorn.html]
[sites.google.com/site/riparaincangku/lipadiax/krandiulja文芸作品等/lurkxargad-lixunafhorn2.html]
[sites.google.com/site/riparaincangku/lipadiax/krandiulja文芸作品等/melnilarta.html]
[sites.google.com/site/riparaincangku/lipadiax/krandiulja文芸作品等/niv-kvitlearna-la-y.html]
[sites.google.com/site/riparaincangku/lipadiax/krandiulja文芸作品等/prahad-chirfarsti-mels-ispivirelen-esperrantust.html]
[sites.google.com/site/riparaincangku/lipadiax/krandiulja文芸作品等/selene-knloan-dijyk-58.html]
[sites.google.com/site/riparaincangku/lipadiax/krandiulja文芸作品等/siphiled-dijykid-krandiurg.html]
[sites.google.com/site/riparaincangku/lipadiax/krandiulja文芸作品等/sviarskad-vasperlkurfo.html]
[sites.google.com/site/riparaincangku/lipadiax/krandiulja文芸作品等/thasanklos.html]
[sites.google.com/site/riparaincangku/lipadiax/krandiulja文芸作品等/unde-memylo-chirfar.html]
[sites.google.com/site/riparaincangku/lipadiax/krandiulja文芸作品等/was-milodmam.html]
[sites.google.com/site/riparaincangku/lipadiax/krandiulja文芸作品等/xiond-kranterl-fontles.html]
[sites.google.com/site/riparaincangku/lipadiax/krandiulja文芸作品等/yuesleoned-sopit.html]
[sites.google.com/site/riparaincangku/lipadiax/krandiulja文芸作品等/yuesleone-dera-chirfar.html]
[sites.google.com/site/riparaincangku/lipadiax/krandiulja文芸作品等/りんご食べよっ56文.html]
[sites.google.com/site/riparaincangku/lipadiax/krandiulja文芸作品等/リウスニータの作り方.html]
[sites.google.com/site/riparaincangku/lipadiax/krandiulja文芸作品等/義の詩篇.html]
[sites.google.com/site/riparaincangku/lipadiax/krandiulja文芸作品等/義の詩篇/1-64te-leiju-nixeserd-minamirxa.html]
[sites.google.com/site/riparaincangku/lipadiax/ytartad-lipalain.html]
[sites.google.com/site/riparaincangku/lipadiax/ytartad-lipalain/1te-jurlien-yst-lkurfal-fasripietes.html]
[sites.google.com/site/riparaincangku/lipadiax/ytartad-lipalain/akademice-lineparinect-ataalartaver-elx-liaxu-xiesnij.html]
[sites.google.com/site/riparaincangku/lipadiax/ytartad-lipalain/amierrikad-flonner-nentiunes-shoaiaro.html]
[sites.google.com/site/riparaincangku/lipadiax/ytartad-lipalain/edixa-akin-larter-lkurftlessed-leijurvepalea.html]
[sites.google.com/site/riparaincangku/lipadiax/ytartad-lipalain/epotaikiesytit-les-liujsti.html]
[sites.google.com/site/riparaincangku/lipadiax/ytartad-lipalain/japaeod-larter-lkurftlessen-unde-es-adircafen.html]
[sites.google.com/site/riparaincangku/lipadiax/ytartad-lipalain/jiya-es-routrurstikiesnen-acirli.html]
[sites.google.com/site/riparaincangku/lipadiax/ytartad-lipalain/les-penul-lyjot-veles-jelo.html]
[sites.google.com/site/riparaincangku/lipadiax/ytartad-lipalain/lineparine-votyn-komikkmarket-io.html]
[sites.google.com/site/riparaincangku/lipadiax/ytartad-lipalain/lineparined-peidxarnej.html]
[sites.google.com/site/riparaincangku/lipadiax/ytartad-lipalain/lineparined-peidxarnej2-kyidesti-ler.html]
[sites.google.com/site/riparaincangku/lipadiax/ytartad-lipalain/lineparined-peidxarnej3-jurlierasti-ler.html]
[sites.google.com/site/riparaincangku/lipadiax/ytartad-lipalain/nunerl-fua-lipalainerss-1tarf-klan.html]
[sites.google.com/site/riparaincangku/lipadiax/ytartad-lipalain/skarsna-haltxeafis-fankaseuafis-lkurf-pusnisto.html]
[sites.google.com/site/riparaincangku/lipadiax/ytartad-lipalain/ukrajina-lkurf-ekcanerls-celdinerl-eso_1.html]
[sites.google.com/site/riparaincangku/lipadiax/ytartad-lipalain/ukrajina-lkurf-ekcanerls-celdinerl-eso.html]
[sites.google.com/site/riparaincangku/varxawd-niesnyszirla.html]
[sites.google.com/site/riparaincangku/たまに行くならこんなユエスレオネ連邦.html]
[sites.google.com/site/riparaincangku/たまに行くならこんなユエスレオネ連邦/tamayue_ista_pipo.html]
[sites.google.com/site/riparaincangku/たまに行くならこんなユエスレオネ連邦/tamayue_la-vynut-iuloss.html]
[sites.google.com/site/riparaincangku/たまに行くならこんなユエスレオネ連邦/tamayue_lkurftless.html]
[sites.google.com/site/riparaincangku/たまに行くならこんなユエスレオネ連邦/tamayue_tvasnkerl.html]
[sites.google.com/site/riparaincangku/デュインの歴史.html]
[sites.google.com/site/riparaincangku/ユエスレオネ人工世界設定.html]
[sites.google.com/site/riparaincangku/ユエスレオネ人工世界設定/ウェールフープ.html]
[sites.google.com/site/riparaincangku/ユエスレオネ人工世界設定/ウェールフープ/irld.html]
[sites.google.com/site/riparaincangku/ユエスレオネ人工世界設定/ウェールフープ/ウェールフープ発電所.html]
[sites.google.com/site/riparaincangku/ユエスレオネ人工世界設定/ウェールフープ/過活動交換症候群.html]
[sites.google.com/site/riparaincangku/ユエスレオネ人工世界設定/ユエスレオネ主義.html]
[sites.google.com/site/riparaincangku/ユエスレオネ人工世界設定/下の世界.html]
[sites.google.com/site/riparaincangku/ユエスレオネ人工世界設定/様々な文化.html]
[sites.google.com/site/riparaincangku/ユエスレオネ人工世界設定/様々な文化/aloajerlerm.html]
[sites.google.com/site/riparaincangku/ユエスレオネ人工世界設定/様々な文化/arteel.html]
[sites.google.com/site/riparaincangku/ユエスレオネ人工世界設定/様々な文化/arzrgerniar.html]
[sites.google.com/site/riparaincangku/ユエスレオネ人工世界設定/様々な文化/elminal.html]
[sites.google.com/site/riparaincangku/ユエスレオネ人工世界設定/様々な文化/elminal/elminalo.html]
[sites.google.com/site/riparaincangku/ユエスレオネ人工世界設定/様々な文化/finarph.html]
[sites.google.com/site/riparaincangku/ユエスレオネ人工世界設定/様々な文化/finarph/fhifoes.html]
[sites.google.com/site/riparaincangku/ユエスレオネ人工世界設定/様々な文化/finarph/fhifoes/神々しき聖イェスカ神権の鎮魂歌.html]
[sites.google.com/site/riparaincangku/ユエスレオネ人工世界設定/様々な文化/finarph/fhifoes/ユエスレオネ社会党.html]
[sites.google.com/site/riparaincangku/ユエスレオネ人工世界設定/様々な文化/finarph/fhifoes/ユエスレオネ社会党ステデラフイェスカ派.html]
[sites.google.com/site/riparaincangku/ユエスレオネ人工世界設定/様々な文化/finarph/fhifoes/リパナス党.html]
[sites.google.com/site/riparaincangku/ユエスレオネ人工世界設定/様々な文化/finarph/fhifoes/リパラオネ民族自決党.html]
[sites.google.com/site/riparaincangku/ユエスレオネ人工世界設定/様々な文化/finarph/fhifoes/イェスカ万歳.html]
[sites.google.com/site/riparaincangku/ユエスレオネ人工世界設定/様々な文化/finarph/fhifoes/ファールリューディア宣言.html]
[sites.google.com/site/riparaincangku/ユエスレオネ人工世界設定/様々な文化/finarph/fhifoes/フィシャグスタフヴェルガナーデャ.html]
[sites.google.com/site/riparaincangku/ユエスレオネ人工世界設定/様々な文化/finarph/連邦言語保障監理官事務所.html]
[sites.google.com/site/riparaincangku/ユエスレオネ人工世界設定/様々な文化/finarph/ggsb.html]
[sites.google.com/site/riparaincangku/ユエスレオネ人工世界設定/様々な文化/keluxerl.html]
[sites.google.com/site/riparaincangku/ユエスレオネ人工世界設定/様々な文化/la-phil.html]
[sites.google.com/site/riparaincangku/ユエスレオネ人工世界設定/様々な文化/lersseal.html]
[sites.google.com/site/riparaincangku/ユエスレオネ人工世界設定/様々な文化/tvansko.html]
[sites.google.com/site/riparaincangku/ユエスレオネ人工世界設定/様々な文化/tvansko/フィアンシャ.html]
[sites.google.com/site/riparaincangku/ユエスレオネ人工世界設定/様々な文化/tvansko/リパラオネ教.html]
[sites.google.com/site/riparaincangku/ユエスレオネ人工世界設定/様々な文化/tvansko/リパラオネ教/anporlnem.html]
[sites.google.com/site/riparaincangku/ユエスレオネ人工世界設定/様々な文化/tvansko/リパラオネ教/dznielerche.html]
[sites.google.com/site/riparaincangku/ユエスレオネ人工世界設定/様々な文化/tvansko/リパラオネ教/fixaerl.html]
[sites.google.com/site/riparaincangku/ユエスレオネ人工世界設定/様々な文化/tvansko/リパラオネ教/iecisvies.html]
[sites.google.com/site/riparaincangku/ユエスレオネ人工世界設定/様々な文化/tvansko/リパラオネ教/キターの書ファシャグノタール.html]
[sites.google.com/site/riparaincangku/ユエスレオネ人工世界設定/様々な文化/tvansko/リパラオネ教/リパラオネ教での祈り方.html]
[sites.google.com/site/riparaincangku/ユエスレオネ人工世界設定/様々な文化/tvansko/リパラオネ教/ルーリア祭.html]
[sites.google.com/site/riparaincangku/ユエスレオネ人工世界設定/様々な文化/tvansko/リパラオネ教/神族の一覧.html]
[sites.google.com/site/riparaincangku/ユエスレオネ人工世界設定/様々な文化/tvansko/リパラオネ教/戦記.html]
[sites.google.com/site/riparaincangku/ユエスレオネ人工世界設定/様々な文化/yuesleone.html]
[sites.google.com/site/riparaincangku/ユエスレオネ人工世界設定/様々な文化/yuesleone/nyacyの路線など.html]
[sites.google.com/site/riparaincangku/ユエスレオネ人工世界設定/様々な文化/兵器.html]
[sites.google.com/site/riparaincangku/ユエスレオネ人工世界設定/様々な文化/歴史的人物.html]
[sites.google.com/site/riparaincangku/ユエスレオネ人工世界設定/様々な文化/歴史的人物/アンハルティアドヴェアンアンヴェハル.html]
[sites.google.com/site/riparaincangku/ユエスレオネ人工世界設定/様々な文化/歴史的人物/エスポーノドーハ.html]
[sites.google.com/site/riparaincangku/ユエスレオネ人工世界設定/様々な文化/歴史的人物/シェルケンスカーナ.html]
[sites.google.com/site/riparaincangku/ユエスレオネ人工世界設定/様々な文化/歴史的人物/シェルケンスカーナ/alesed-terselyr.html]
[sites.google.com/site/riparaincangku/ユエスレオネ人工世界設定/様々な文化/歴史的人物/ターフヴィールウォルツァスカイユ.html]
[sites.google.com/site/riparaincangku/ユエスレオネ人工世界設定/様々な文化/歴史的人物/ターフヴィールエレーナ.html]
[sites.google.com/site/riparaincangku/ユエスレオネ人工世界設定/様々な文化/歴史的人物/ユレイシアアレス.html]
[sites.google.com/site/riparaincangku/ユエスレオネ人工世界設定/様々な文化/歴史的人物/レシェールアルヴェイユ.html]
[sites.google.com/site/riparaincangku/ユエスレオネ人工世界設定/様々な文化/歴史的人物/レシェールイスナシュテイユ.html]
[sites.google.com/site/riparaincangku/ユエスレオネ人工世界設定/様々な文化/歴史的人物/レシェールヴェンタフ.html]
[sites.google.com/site/riparaincangku/ユエスレオネ人工世界設定/様々な文化/歴史的人物/ローシャヘラアリェシセムシヤ.html]
[sites.google.com/site/riparaincangku/ユエスレオネ人工世界設定/歴史.html]
[sites.google.com/site/riparaincangku/ユエスレオネ人工世界設定/歴史/11.html]
[sites.google.com/site/riparaincangku/ユエスレオネ人工世界設定/歴史/elmod-fia.html]
[sites.google.com/site/riparaincangku/ユエスレオネ人工世界設定/歴史/farlliurdia-qak-xol-elmiesm.html]
[sites.google.com/site/riparaincangku/ユエスレオネ人工世界設定/歴史/lyjot.html]
[sites.google.com/site/riparaincangku/ユエスレオネ人工世界設定/歴史/philerl.html]
[sites.google.com/site/riparaincangku/ユエスレオネ人工世界設定/歴史/philerl/10月8日事件.html]
[sites.google.com/site/riparaincangku/ユエスレオネ人工世界設定/歴史/philerl/aafc.html]
[sites.google.com/site/riparaincangku/ユエスレオネ人工世界設定/歴史/philerl/dyin.html]
[sites.google.com/site/riparaincangku/ユエスレオネ人工世界設定/歴史/philerl/dyin-ales-poltdzarl-elm.html]
[sites.google.com/site/riparaincangku/ユエスレオネ人工世界設定/歴史/philerl/dyin-ales-poltdzarl-elm/f-d-wpm.html]
[sites.google.com/site/riparaincangku/ユエスレオネ人工世界設定/歴史/philerl/dyin-ales-poltdzarl-elm/fafs-slef.html]
[sites.google.com/site/riparaincangku/ユエスレオネ人工世界設定/歴史/philerl/dyin-ales-poltdzarl-elm/サニス第三条約.html]
[sites.google.com/site/riparaincangku/ユエスレオネ人工世界設定/歴史/philerl/dyin-ales-poltdzarl-elm/フアーラエイン作戦.html]
[sites.google.com/site/riparaincangku/ユエスレオネ人工世界設定/歴史/philerl/eo-taloraxed-canisd-alarta.html]
[sites.google.com/site/riparaincangku/ユエスレオネ人工世界設定/歴史/philerl/fafjs.html]
[sites.google.com/site/riparaincangku/ユエスレオネ人工世界設定/歴史/philerl/fkec.html]
[sites.google.com/site/riparaincangku/ユエスレオネ人工世界設定/歴史/philerl/k-18-ヴェルガングスト.html]
[sites.google.com/site/riparaincangku/ユエスレオネ人工世界設定/歴史/philerl/lpf82-アルザッツァ.html]
[sites.google.com/site/riparaincangku/ユエスレオネ人工世界設定/歴史/philerl/mp.html]
[sites.google.com/site/riparaincangku/ユエスレオネ人工世界設定/歴史/philerl/mp/adlp.html]
[sites.google.com/site/riparaincangku/ユエスレオネ人工世界設定/歴史/philerl/mp/dherngha-dunalikafiady.html]
[sites.google.com/site/riparaincangku/ユエスレオネ人工世界設定/歴史/philerl/mp/dlgn.html]
[sites.google.com/site/riparaincangku/ユエスレオネ人工世界設定/歴史/philerl/mp/karihae-dunalikafiady.html]
[sites.google.com/site/riparaincangku/ユエスレオネ人工世界設定/歴史/philerl/mp/kie.html]
[sites.google.com/site/riparaincangku/ユエスレオネ人工世界設定/歴史/philerl/mp/klantez-tvasnarl-elm.html]
[sites.google.com/site/riparaincangku/ユエスレオネ人工世界設定/歴史/philerl/mp/nelt.html]
[sites.google.com/site/riparaincangku/ユエスレオネ人工世界設定/歴史/philerl/mp/xelken.html]
[sites.google.com/site/riparaincangku/ユエスレオネ人工世界設定/歴史/philerl/mp/サーム講和条約.html]
[sites.google.com/site/riparaincangku/ユエスレオネ人工世界設定/歴史/philerl/mp/フィシャフォンフィアンシャ.html]
[sites.google.com/site/riparaincangku/ユエスレオネ人工世界設定/歴史/philerl/mp/ユフィアドスキュリオーティエユリア.html]
[sites.google.com/site/riparaincangku/ユエスレオネ人工世界設定/歴史/philerl/mp/リパラオネ暗黒時代.html]
[sites.google.com/site/riparaincangku/ユエスレオネ人工世界設定/歴史/philerl/mp/ルラディヌアル.html]
[sites.google.com/site/riparaincangku/ユエスレオネ人工世界設定/歴史/philerl/mp/第一回オーディア教法会議.html]
[sites.google.com/site/riparaincangku/ユエスレオネ人工世界設定/歴史/philerl/mp/第一回黒月軍遠征.html]
[sites.google.com/site/riparaincangku/ユエスレオネ人工世界設定/歴史/philerl/pcf99-xelt-angil.html]
[sites.google.com/site/riparaincangku/ユエスレオネ人工世界設定/歴史/philerl/phil-2005年ユエスレオネ連邦議会選挙.html]
[sites.google.com/site/riparaincangku/ユエスレオネ人工世界設定/歴史/philerl/phil-2015年ユエスレオネ連邦議会選挙.html]
[sites.google.com/site/riparaincangku/ユエスレオネ人工世界設定/歴史/philerl/pien-menissed-chafiofes-fantas.html]
[sites.google.com/site/riparaincangku/ユエスレオネ人工世界設定/歴史/philerl/retadzakhal.html]
[sites.google.com/site/riparaincangku/ユエスレオネ人工世界設定/歴史/philerl/tfvlrtvl.html]
[sites.google.com/site/riparaincangku/ユエスレオネ人工世界設定/歴史/philerl/xelken-ales.html]
[sites.google.com/site/riparaincangku/ユエスレオネ人工世界設定/歴史/philerl/イスケ紛争.html]
[sites.google.com/site/riparaincangku/ユエスレオネ人工世界設定/歴史/philerl/キャスカファルザーユミリア.html]
[sites.google.com/site/riparaincangku/ユエスレオネ人工世界設定/歴史/philerl/ショレゼスコ.html]
[sites.google.com/site/riparaincangku/ユエスレオネ人工世界設定/歴史/philerl/チャショーテ.html]
[sites.google.com/site/riparaincangku/ユエスレオネ人工世界設定/歴史/philerl/ファルトクノア共和国.html]
[sites.google.com/site/riparaincangku/ユエスレオネ人工世界設定/歴史/philerl/ファルトクノア内戦.html]
[sites.google.com/site/riparaincangku/ユエスレオネ人工世界設定/歴史/philerl/フェディア文化共同体.html]
[sites.google.com/site/riparaincangku/ユエスレオネ人工世界設定/歴史/philerl/フォルシンソ計画.html]
[sites.google.com/site/riparaincangku/ユエスレオネ人工世界設定/歴史/philerl/ユフィシャール民主化闘争.html]
[sites.google.com/site/riparaincangku/ユエスレオネ人工世界設定/歴史/philerl/ユンカーの鐘.html]
[sites.google.com/site/riparaincangku/ユエスレオネ人工世界設定/歴史/philerl/ラメスト同時多発テロ.html]
[sites.google.com/site/riparaincangku/ユエスレオネ人工世界設定/歴史/philerl/ラメスト同時多発テロ/haten-larta-normtad-mela.html]
[sites.google.com/site/riparaincangku/ユエスレオネ人工世界設定/歴史/philerl/リナエストオルス共和国.html]
[sites.google.com/site/riparaincangku/ユエスレオネ人工世界設定/歴史/philerl/リパナス.html]
[sites.google.com/site/riparaincangku/ユエスレオネ人工世界設定/歴史/philerl/リーサカクザ.html]
[sites.google.com/site/riparaincangku/ユエスレオネ人工世界設定/歴史/philerl/リーサカクザ/シャーシュ学派.html]
[sites.google.com/site/riparaincangku/ユエスレオネ人工世界設定/歴史/philerl/レイチャット占卜.html]
[sites.google.com/site/riparaincangku/ユエスレオネ人工世界設定/歴史/philerl/レシュト.html]
[sites.google.com/site/riparaincangku/ユエスレオネ人工世界設定/歴史/philerl/ヴァルガンテ.html]
[sites.google.com/site/riparaincangku/ユエスレオネ人工世界設定/歴史/philerl/ヴェフィス共和国.html]
[sites.google.com/site/riparaincangku/ユエスレオネ人工世界設定/歴史/philerl/ヴェフィス共和国/修正理歴.html]
[sites.google.com/site/riparaincangku/ユエスレオネ人工世界設定/歴史/philerl/ヴェルテウルシュテックレヴァーニ.html]
[sites.google.com/site/riparaincangku/ユエスレオネ人工世界設定/歴史/philerl/人を殺すフォント.html]
[sites.google.com/site/riparaincangku/ユエスレオネ人工世界設定/歴史/philerl/北の国から.html]
[sites.google.com/site/riparaincangku/ユエスレオネ人工世界設定/歴史/philerl/容疑者.html]
[sites.google.com/site/riparaincangku/ユエスレオネ人工世界設定/歴史/philerl/民族保守運動.html]
[sites.google.com/site/riparaincangku/ユエスレオネ人工世界設定/歴史/philerl/神聖契約.html]
[sites.google.com/site/riparaincangku/ユエスレオネ人工世界設定/歴史/philerl/綴字改革論争asvielm-fon-ljotraxol.html]
[sites.google.com/site/riparaincangku/ユエスレオネ人工世界設定/歴史/philerl/聖ヴィレティ団.html]
[sites.google.com/site/riparaincangku/ユエスレオネ人工世界設定/歴史/philerl/諸島戦争.html]
[sites.google.com/site/riparaincangku/ユエスレオネ人工世界設定/歴史/philerl/連邦化政策.html]
[sites.google.com/site/riparaincangku/ユエスレオネ人工世界設定/歴史/siestor-elmiesm.html]
[sites.google.com/site/riparaincangku/ユエスレオネ人工世界設定/歴史/siestor-elmiesm/263.html]
[sites.google.com/site/riparaincangku/ユエスレオネ人工世界設定/歴史/ファイクレオネ法制史.html]
[sites.google.com/site/riparaincangku/ユエスレオネ人工世界設定/歴史/燐帝字母研究史.html]
[sites.google.com/site/riparaincangku/ユエスレオネ人工世界設定/派生語方言.html]
[sites.google.com/site/riparaincangku/ユエスレオネ人工世界設定/派生語方言/airen-linefarirjen.html]
[sites.google.com/site/riparaincangku/ユエスレオネ人工世界設定/派生語方言/al.html]
[sites.google.com/site/riparaincangku/ユエスレオネ人工世界設定/派生語方言/aplartvirle.html]
[sites.google.com/site/riparaincangku/ユエスレオネ人工世界設定/派生語方言/durzn-lineparine.html]
[sites.google.com/site/riparaincangku/ユエスレオネ人工世界設定/派生語方言/dyinen-lurkxarg.html]
[sites.google.com/site/riparaincangku/ユエスレオネ人工世界設定/派生語方言/estisiavirle.html]
[sites.google.com/site/riparaincangku/ユエスレオネ人工世界設定/派生語方言/fyna.html]
[sites.google.com/site/riparaincangku/ユエスレオネ人工世界設定/派生語方言/lkurftlessd-air.html]
[sites.google.com/site/riparaincangku/ユエスレオネ人工世界設定/派生語方言/lkurftlessd-air/エッツィア語.html]
[sites.google.com/site/riparaincangku/ユエスレオネ人工世界設定/派生語方言/lkurftlessd-air/ファルトクノアアイル語.html]
[sites.google.com/site/riparaincangku/ユエスレオネ人工世界設定/派生語方言/lnp.html]
[sites.google.com/site/riparaincangku/ユエスレオネ人工世界設定/派生語方言/lurkxarg-yuesderassd-y.html]
[sites.google.com/site/riparaincangku/ユエスレオネ人工世界設定/派生語方言/lurkxark-huon-paige.html]
[sites.google.com/site/riparaincangku/ユエスレオネ人工世界設定/派生語方言/nadyr.html]
[sites.google.com/site/riparaincangku/ユエスレオネ人工世界設定/派生語方言/ygl.html]
[sites.google.com/site/riparaincangku/ユエスレオネ人工世界設定/派生語方言/カンルーッフー語.html]
[sites.google.com/site/riparaincangku/ユエスレオネ人工世界設定/派生語方言/タウニラウィッリー語.html]
[sites.google.com/site/riparaincangku/ユエスレオネ人工世界設定/派生語方言/ダルヴシア語.html]
[sites.google.com/site/riparaincangku/ユエスレオネ人工世界設定/派生語方言/パエンタ語.html]
[sites.google.com/site/riparaincangku/ユエスレオネ人工世界設定/派生語方言/ファルトクノア方言.html]
[sites.google.com/site/riparaincangku/ユエスレオネ人工世界設定/派生語方言/フレッドシャー語.html]
[sites.google.com/site/riparaincangku/ユエスレオネ人工世界設定/派生語方言/プラーッテープ語.html]
[sites.google.com/site/riparaincangku/ユエスレオネ人工世界設定/派生語方言/ユーゲ方言.html]
[sites.google.com/site/riparaincangku/ユエスレオネ人工世界設定/派生語方言/ラディーニャ語.html]
[sites.google.com/site/riparaincangku/ユエスレオネ人工世界設定/派生語方言/ルテリス語.html]
[sites.google.com/site/riparaincangku/ユエスレオネ人工世界設定/派生語方言/ルテリス語/ルテリス語ポータルページ.html]
[sites.google.com/site/riparaincangku/ユエスレオネ人工世界設定/派生語方言/ルテリス語/ルテリス語ポータルページ/ルテリス語とは.html]
[sites.google.com/site/riparaincangku/ユエスレオネ人工世界設定/派生語方言/ルテリス語/ルテリス語ポータルページ/代名詞.html]
[sites.google.com/site/riparaincangku/ユエスレオネ人工世界設定/派生語方言/ルテリス語/ルテリス語ポータルページ/前置詞.html]
[sites.google.com/site/riparaincangku/ユエスレオネ人工世界設定/派生語方言/ルテリス語/ルテリス語ポータルページ/否定文疑問文.html]
[sites.google.com/site/riparaincangku/ユエスレオネ人工世界設定/派生語方言/ルテリス語/ルテリス語ポータルページ/命令依頼禁止.html]
[sites.google.com/site/riparaincangku/ユエスレオネ人工世界設定/派生語方言/ルテリス語/ルテリス語ポータルページ/接続詞.html]
[sites.google.com/site/riparaincangku/ユエスレオネ人工世界設定/派生語方言/ルテリス語/ルテリス語ポータルページ/敬語.html]
[sites.google.com/site/riparaincangku/ユエスレオネ人工世界設定/派生語方言/ルテリス語/ルテリス語ポータルページ/数詞.html]
[sites.google.com/site/riparaincangku/ユエスレオネ人工世界設定/派生語方言/ルテリス語/ルテリス語ポータルページ/文字と発音.html]
[sites.google.com/site/riparaincangku/ユエスレオネ人工世界設定/派生語方言/ルテリス語/ルテリス語ポータルページ/時相.html]
[sites.google.com/site/riparaincangku/ユエスレオネ人工世界設定/派生語方言/ルテリス語/ルテリス語ポータルページ/条文宣言等.html]
[sites.google.com/site/riparaincangku/ユエスレオネ人工世界設定/派生語方言/ルテリス語/ルテリス語ポータルページ/格と緩衝音.html]
[sites.google.com/site/riparaincangku/ユエスレオネ人工世界設定/派生語方言/ルテリス語/ルテリス語ポータルページ/法制詞.html]
[sites.google.com/site/riparaincangku/ユエスレオネ人工世界設定/派生語方言/ルテリス語/ルテリス語ポータルページ/級.html]
[sites.google.com/site/riparaincangku/ユエスレオネ人工世界設定/派生語方言/ルテリス語/ルテリス語ポータルページ/語順.html]
[sites.google.com/site/riparaincangku/ユエスレオネ人工世界設定/派生語方言/ルテリス語/ルテリス語ポータルページ/関係節.html]
[sites.google.com/site/riparaincangku/ユエスレオネ人工世界設定/派生語方言/ルテリス語/ルテリス語ポータルページ/極東君主国同盟条約.html]
[sites.google.com/site/riparaincangku/ユエスレオネ人工世界設定/派生語方言/ロポバサトガ.html]
[sites.google.com/site/riparaincangku/ユエスレオネ人工世界設定/派生語方言/東島通商語.html]
[sites.google.com/site/riparaincangku/ユエスレオネ人工世界設定/派生語方言/水家語.html]
[sites.google.com/site/riparaincangku/ユミサ語.html]
[sites.google.com/site/riparaincangku/リパライン論.html]
[sites.google.com/site/riparaincangku/リパライン論/リパライン論単語辞典.html]
[sites.google.com/site/riparaincangku/リパライン論/文化.html]
[sites.google.com/site/riparaincangku/リパライン論/文化/aloajerlerm.html]
[sites.google.com/site/riparaincangku/リパライン論/文化/lyvete-naliuftona.html]
[sites.google.com/site/riparaincangku/リパライン論/文化/la-lkurf-add-la-krante.html]
[sites.google.com/site/riparaincangku/リパライン論/文化/la-salarua.html]
[sites.google.com/site/riparaincangku/リパライン論/文化/la-yvete-dare-kranterl.html]
[sites.google.com/site/riparaincangku/リパライン論/文化/nesn.html]
[sites.google.com/site/riparaincangku/リパライン論/文化/soui.html]
[sites.google.com/site/riparaincangku/リパライン論/文化/xelken.html]
[sites.google.com/site/riparaincangku/リパライン論/文化/相位詞グラフ.html]
[sites.google.com/site/riparaincangku/リパライン論/文法.html]
[sites.google.com/site/riparaincangku/リパライン論/文法/kraftanix.html]
[sites.google.com/site/riparaincangku/リパライン論/文法/luo.html]
[sites.google.com/site/riparaincangku/リパライン論/総論.html]
[sites.google.com/site/riparaincangku/リパライン論/総論/edioll-lkurftless-add-lineparinei-lelessse.html]
[sites.google.com/site/riparaincangku/リパライン論/総論/esd-viestiest.html]
[sites.google.com/site/riparaincangku/リパライン論/総論/hamie-lineparines-laozia.html]
[sites.google.com/site/riparaincangku/リパライン論/総論/jixur.html]
[sites.google.com/site/riparaincangku/リパライン論/総論/kranteerl.html]
[sites.google.com/site/riparaincangku/リパライン論/総論/lexerl-foro.html]
[sites.google.com/site/riparaincangku/リパライン論/語彙.html]
[sites.google.com/site/riparaincangku/リパライン論/語彙/krd-lkurftes.html]
[sites.google.com/site/riparaincangku/倉庫.html]
[sites.google.com/site/riparaincangku/倉庫/オーレー語.html]
[sites.google.com/site/riparaincangku/倉庫/ユーゴック語参考資料置き場.html]
[sites.google.com/site/riparaincangku/倉庫/君は牛を二頭持っている.html]
[sites.google.com/site/riparaincangku/倉庫/君は牛を二頭持っている-人工言語版.html]
[sites.google.com/site/riparaincangku/倉庫/理語ルークシャーグまとめ.html]
[sites.google.com/site/riparaincangku/倉庫2.html]
[sites.google.com/site/riparaincangku/倉庫2/ユエスレオネ_チャット戦争.html]
[sites.google.com/site/riparaincangku/倉庫2/ユエスレオネ主義.html]
[sites.google.com/site/riparaincangku/倉庫2/糞な連邦.html]
[sites.google.com/site/riparaincangku/倉庫2/翻訳課題1.html]
[sites.google.com/site/riparaincangku/倉庫3小説等.html]
[sites.google.com/site/riparaincangku/倉庫3小説等/cene-niv-lamcol-eniar.html]
[sites.google.com/site/riparaincangku/倉庫3小説等/kranteerl-y-io-xal.html]
[sites.google.com/site/riparaincangku/倉庫3小説等/ユエスレオネ人をイラッとさせる方法.html]
[sites.google.com/site/riparaincangku/倉庫3小説等/リパコールさんの日常.html]
[sites.google.com/site/riparaincangku/倉庫3小説等/人工言語作成者に50の質問.html]
[sites.google.com/site/riparaincangku/倉庫3小説等/強制復帰装置.html]
[sites.google.com/site/riparaincangku/倉庫3小説等/時制と相の表.html]
[sites.google.com/site/riparaincangku/倉庫3小説等/花は咲く-人工言語で歌おう.html]
[sites.google.com/site/riparaincangku/倉庫3小説等/花は咲く-人工言語で歌おう/xlai_花は咲く人工言語で歌おう.html]
[sites.google.com/site/riparaincangku/倉庫3小説等/花は咲く-人工言語で歌おう/シヴァン文字による転写.html]
[sites.google.com/site/riparaincangku/繋辞文存在文.html]
[sites.google.com/site/riparaincangku/ホーム.html]
[sites.google.com/site/riparaincangku/espertao-lkurftless-io-ftless.html]
[sites.google.com/site/riparaincangku/leiju-fon-aldasryrle.html]
[sites.google.com/site/riparaincangku/lipadiax.html]
[sites.google.com/site/riparaincangku/lipadiax/acirlo歌詞.html]
[sites.google.com/site/riparaincangku/lipadiax/acirlo歌詞/adle.html]
[sites.google.com/site/riparaincangku/lipadiax/acirlo歌詞/bad-apple.html]
[sites.google.com/site/riparaincangku/lipadiax/acirlo歌詞/cecorelm-es-da.html]
[sites.google.com/site/riparaincangku/lipadiax/acirlo歌詞/cene-senost-snirorvo.html]
[sites.google.com/site/riparaincangku/lipadiax/acirlo歌詞/enterkhnacional.html]
[sites.google.com/site/riparaincangku/lipadiax/acirlo歌詞/ferjud-la-riejiel-acirlo.html]
[sites.google.com/site/riparaincangku/lipadiax/acirlo歌詞/forttufeyd-athim.html]
[sites.google.com/site/riparaincangku/lipadiax/acirlo歌詞/indonexija-niejod.html]
[sites.google.com/site/riparaincangku/lipadiax/acirlo歌詞/kageroudeisu.html]
[sites.google.com/site/riparaincangku/lipadiax/acirlo歌詞/katyrxa.html]
[sites.google.com/site/riparaincangku/lipadiax/acirlo歌詞/kejix-ladircco.html]
[sites.google.com/site/riparaincangku/lipadiax/acirlo歌詞/ljumescel-la-lartass-da-alt-vej-corlnjeu-ankj.html]
[sites.google.com/site/riparaincangku/lipadiax/acirlo歌詞/la-echaltyrxen.html]
[sites.google.com/site/riparaincangku/lipadiax/acirlo歌詞/la-sneriend-acirlo.html]
[sites.google.com/site/riparaincangku/lipadiax/acirlo歌詞/lietuvad-cavierten-yuesderaven-chafiofesed-acirlon.html]
[sites.google.com/site/riparaincangku/lipadiax/acirlo歌詞/lineparine-laoziao.html]
[sites.google.com/site/riparaincangku/lipadiax/acirlo歌詞/mal-wioll-mak-miss-zel-snelodo.html]
[sites.google.com/site/riparaincangku/lipadiax/acirlo歌詞/mid-icco.html]
[sites.google.com/site/riparaincangku/lipadiax/acirlo歌詞/niefenda.html]
[sites.google.com/site/riparaincangku/lipadiax/acirlo歌詞/niejod-cagamihara.html]
[sites.google.com/site/riparaincangku/lipadiax/acirlo歌詞/puder-pudem-wioll.html]
[sites.google.com/site/riparaincangku/lipadiax/acirlo歌詞/raise.html]
[sites.google.com/site/riparaincangku/lipadiax/acirlo歌詞/sbrf-lxole-acirlon.html]
[sites.google.com/site/riparaincangku/lipadiax/acirlo歌詞/selene-rendofes.html]
[sites.google.com/site/riparaincangku/lipadiax/acirlo歌詞/stlaik-dha-blad.html]
[sites.google.com/site/riparaincangku/lipadiax/acirlo歌詞/stoxiet-elminal-snardze-niv.html]
[sites.google.com/site/riparaincangku/lipadiax/acirlo歌詞/tonir-es-panqa-lapen.html]
[sites.google.com/site/riparaincangku/lipadiax/acirlo歌詞/tudestacirl-d-elm-yuesleoned-y.html]
[sites.google.com/site/riparaincangku/lipadiax/acirlo歌詞/tudestacirld-lavnutlart.html]
[sites.google.com/site/riparaincangku/lipadiax/acirlo歌詞/xelken-alesd-la-acirlon.html]
[sites.google.com/site/riparaincangku/lipadiax/acirlo歌詞/xinid-cyfoi.html]
[sites.google.com/site/riparaincangku/lipadiax/acirlo歌詞/xolerssen-sniror.html]
[sites.google.com/site/riparaincangku/lipadiax/acirlo歌詞/xturgad-la-nukucol.html]
[sites.google.com/site/riparaincangku/lipadiax/acirlo歌詞/我がカザフスタン.html]
[sites.google.com/site/riparaincangku/lipadiax/krandiulja文芸作品等.html]
[sites.google.com/site/riparaincangku/lipadiax/krandiulja文芸作品等/aiar-sopit.html]
[sites.google.com/site/riparaincangku/lipadiax/krandiulja文芸作品等/alsekolard-la-lkurf.html]
[sites.google.com/site/riparaincangku/lipadiax/krandiulja文芸作品等/bochan.html]
[sites.google.com/site/riparaincangku/lipadiax/krandiulja文芸作品等/chirfar-fon-medarned-parcaxeral.html]
[sites.google.com/site/riparaincangku/lipadiax/krandiulja文芸作品等/conohinokiソノヒノキ.html]
[sites.google.com/site/riparaincangku/lipadiax/krandiulja文芸作品等/cysilartal-tvarsnaerl.html]
[sites.google.com/site/riparaincangku/lipadiax/krandiulja文芸作品等/dijyki-vynutalanerfeon-lex-knloan-57.html]
[sites.google.com/site/riparaincangku/lipadiax/krandiulja文芸作品等/eniard-foiiunud-sopit労働基準法.html]
[sites.google.com/site/riparaincangku/lipadiax/krandiulja文芸作品等/ersted-la-asvieu.html]
[sites.google.com/site/riparaincangku/lipadiax/krandiulja文芸作品等/fqa-es-toxu.html]
[sites.google.com/site/riparaincangku/lipadiax/krandiulja文芸作品等/harmue-kaglefti-mol.html]
[sites.google.com/site/riparaincangku/lipadiax/krandiulja文芸作品等/heska-lanermedy.html]
[sites.google.com/site/riparaincangku/lipadiax/krandiulja文芸作品等/hordzorkifasslarfa.html]
[sites.google.com/site/riparaincangku/lipadiax/krandiulja文芸作品等/jyvied-nermetixaler.html]
[sites.google.com/site/riparaincangku/lipadiax/krandiulja文芸作品等/jyvied-nermetixaler/1.html]
[sites.google.com/site/riparaincangku/lipadiax/krandiulja文芸作品等/jyvied-nermetixaler/2.html]
[sites.google.com/site/riparaincangku/lipadiax/krandiulja文芸作品等/jyvied-nermetixaler/3.html]
[sites.google.com/site/riparaincangku/lipadiax/krandiulja文芸作品等/jyvied-nermetixaler/4.html]
[sites.google.com/site/riparaincangku/lipadiax/krandiulja文芸作品等/koniende-iccod-alicu古ユナ語版.html]
[sites.google.com/site/riparaincangku/lipadiax/krandiulja文芸作品等/kranteerl-y-io-xal.html]
[sites.google.com/site/riparaincangku/lipadiax/krandiulja文芸作品等/kranteerl-y-io-xelken.html]
[sites.google.com/site/riparaincangku/lipadiax/krandiulja文芸作品等/lesbackad-laesnifo.html]
[sites.google.com/site/riparaincangku/lipadiax/krandiulja文芸作品等/liqkaxy-io-ircalart-lot-sulaun.html]
[sites.google.com/site/riparaincangku/lipadiax/krandiulja文芸作品等/lurkxargad-lixunafhorn.html]
[sites.google.com/site/riparaincangku/lipadiax/krandiulja文芸作品等/lurkxargad-lixunafhorn2.html]
[sites.google.com/site/riparaincangku/lipadiax/krandiulja文芸作品等/melnilarta.html]
[sites.google.com/site/riparaincangku/lipadiax/krandiulja文芸作品等/niv-kvitlearna-la-y.html]
[sites.google.com/site/riparaincangku/lipadiax/krandiulja文芸作品等/prahad-chirfarsti-mels-ispivirelen-esperrantust.html]
[sites.google.com/site/riparaincangku/lipadiax/krandiulja文芸作品等/selene-knloan-dijyk-58.html]
[sites.google.com/site/riparaincangku/lipadiax/krandiulja文芸作品等/siphiled-dijykid-krandiurg.html]
[sites.google.com/site/riparaincangku/lipadiax/krandiulja文芸作品等/sviarskad-vasperlkurfo.html]
[sites.google.com/site/riparaincangku/lipadiax/krandiulja文芸作品等/thasanklos.html]
[sites.google.com/site/riparaincangku/lipadiax/krandiulja文芸作品等/unde-memylo-chirfar.html]
[sites.google.com/site/riparaincangku/言語の歴史.html]
[sites.google.com/site/riparaincangku/lipadiax/krandiulja文芸作品等/was-milodmam.html]
[sites.google.com/site/riparaincangku/lipadiax/krandiulja文芸作品等/xiond-kranterl-fontles.html]
[sites.google.com/site/riparaincangku/lipadiax/krandiulja文芸作品等/yuesleoned-sopit.html]
[sites.google.com/site/riparaincangku/lipadiax/krandiulja文芸作品等/yuesleone-dera-chirfar.html]
[sites.google.com/site/riparaincangku/lipadiax/krandiulja文芸作品等/りんご食べよっ56文.html]
[sites.google.com/site/riparaincangku/lipadiax/krandiulja文芸作品等/リウスニータの作り方.html]
[sites.google.com/site/riparaincangku/lipadiax/krandiulja文芸作品等/義の詩篇.html]
[sites.google.com/site/riparaincangku/lipadiax/krandiulja文芸作品等/義の詩篇/1-64te-leiju-nixeserd-minamirxa.html]
[sites.google.com/site/riparaincangku/lipadiax/ytartad-lipalain.html]
[sites.google.com/site/riparaincangku/lipadiax/ytartad-lipalain/1te-jurlien-yst-lkurfal-fasripietes.html]
[sites.google.com/site/riparaincangku/lipadiax/ytartad-lipalain/akademice-lineparinect-ataalartaver-elx-liaxu-xiesnij.html]
[sites.google.com/site/riparaincangku/lipadiax/ytartad-lipalain/amierrikad-flonner-nentiunes-shoaiaro.html]
[sites.google.com/site/riparaincangku/lipadiax/ytartad-lipalain/edixa-akin-larter-lkurftlessed-leijurvepalea.html]
[sites.google.com/site/riparaincangku/lipadiax/ytartad-lipalain/epotaikiesytit-les-liujsti.html]
[sites.google.com/site/riparaincangku/lipadiax/ytartad-lipalain/japaeod-larter-lkurftlessen-unde-es-adircafen.html]
[sites.google.com/site/riparaincangku/lipadiax/ytartad-lipalain/jiya-es-routrurstikiesnen-acirli.html]
[sites.google.com/site/riparaincangku/lipadiax/ytartad-lipalain/les-penul-lyjot-veles-jelo.html]
[sites.google.com/site/riparaincangku/lipadiax/ytartad-lipalain/lineparine-votyn-komikkmarket-io.html]
[sites.google.com/site/riparaincangku/lipadiax/ytartad-lipalain/lineparined-peidxarnej.html]
[sites.google.com/site/riparaincangku/lipadiax/ytartad-lipalain/lineparined-peidxarnej2-kyidesti-ler.html]
[sites.google.com/site/riparaincangku/lipadiax/ytartad-lipalain/lineparined-peidxarnej3-jurlierasti-ler.html]
[sites.google.com/site/riparaincangku/lipadiax/ytartad-lipalain/nunerl-fua-lipalainerss-1tarf-klan.html]
[sites.google.com/site/riparaincangku/lipadiax/ytartad-lipalain/skarsna-haltxeafis-fankaseuafis-lkurf-pusnisto.html]
[sites.google.com/site/riparaincangku/lipadiax/ytartad-lipalain/ukrajina-lkurf-ekcanerls-celdinerl-eso_1.html]
[sites.google.com/site/riparaincangku/lipadiax/ytartad-lipalain/ukrajina-lkurf-ekcanerls-celdinerl-eso.html]
[sites.google.com/site/riparaincangku/varxawd-niesnyszirla.html]
[sites.google.com/site/riparaincangku/たまに行くならこんなユエスレオネ連邦.html]
[sites.google.com/site/riparaincangku/たまに行くならこんなユエスレオネ連邦/tamayue_ista_pipo.html]
[sites.google.com/site/riparaincangku/たまに行くならこんなユエスレオネ連邦/tamayue_la-vynut-iuloss.html]
[sites.google.com/site/riparaincangku/たまに行くならこんなユエスレオネ連邦/tamayue_lkurftless.html]
[sites.google.com/site/riparaincangku/たまに行くならこんなユエスレオネ連邦/tamayue_tvasnkerl.html]
[sites.google.com/site/riparaincangku/デュインの歴史.html]
[sites.google.com/site/riparaincangku/ユエスレオネ人工世界設定.html]
[sites.google.com/site/riparaincangku/ユエスレオネ人工世界設定/ウェールフープ.html]
[sites.google.com/site/riparaincangku/ユエスレオネ人工世界設定/ウェールフープ/irld.html]
[sites.google.com/site/riparaincangku/ユエスレオネ人工世界設定/ウェールフープ/ウェールフープ発電所.html]
[sites.google.com/site/riparaincangku/ユエスレオネ人工世界設定/ウェールフープ/過活動交換症候群.html]
[sites.google.com/site/riparaincangku/ユエスレオネ人工世界設定/ユエスレオネ主義.html]
[sites.google.com/site/riparaincangku/ユエスレオネ人工世界設定/下の世界.html]
[sites.google.com/site/riparaincangku/ユエスレオネ人工世界設定/様々な文化.html]
[sites.google.com/site/riparaincangku/ユエスレオネ人工世界設定/様々な文化/aloajerlerm.html]
[sites.google.com/site/riparaincangku/ユエスレオネ人工世界設定/様々な文化/arteel.html]
[sites.google.com/site/riparaincangku/ユエスレオネ人工世界設定/様々な文化/arzrgerniar.html]
[sites.google.com/site/riparaincangku/ユエスレオネ人工世界設定/様々な文化/elminal.html]
[sites.google.com/site/riparaincangku/ユエスレオネ人工世界設定/様々な文化/elminal/elminalo.html]
[sites.google.com/site/riparaincangku/ユエスレオネ人工世界設定/様々な文化/finarph.html]
[sites.google.com/site/riparaincangku/ユエスレオネ人工世界設定/様々な文化/finarph/fhifoes.html]
[sites.google.com/site/riparaincangku/ユエスレオネ人工世界設定/様々な文化/finarph/fhifoes/神々しき聖イェスカ神権の鎮魂歌.html]
[sites.google.com/site/riparaincangku/ユエスレオネ人工世界設定/様々な文化/finarph/fhifoes/ユエスレオネ社会党.html]
[sites.google.com/site/riparaincangku/ユエスレオネ人工世界設定/様々な文化/finarph/fhifoes/_https_/ja.wikipedia.org/wiki/政党_.14f.delayed]
[sites.google.com/site/riparaincangku/ユエスレオネ人工世界設定/様々な文化/finarph/fhifoes/_https_/ja.wikipedia.org/wiki/Template_政党_.150.delayed]
[sites.google.com/site/riparaincangku/ユエスレオネ人工世界設定/様々な文化/finarph/fhifoes/ユエスレオネ社会党ステデラフイェスカ派.html]
[sites.google.com/site/riparaincangku/ユエスレオネ人工世界設定/様々な文化/finarph/fhifoes/リパナス党.html]
[sites.google.com/site/riparaincangku/ユエスレオネ人工世界設定/様々な文化/finarph/fhifoes/リパラオネ民族自決党.html]
[sites.google.com/site/riparaincangku/ユエスレオネ人工世界設定/様々な文化/finarph/fhifoes/イェスカ万歳.html]
[sites.google.com/site/riparaincangku/ユエスレオネ人工世界設定/様々な文化/finarph/fhifoes/ファールリューディア宣言.html]
[sites.google.com/site/riparaincangku/ユエスレオネ人工世界設定/様々な文化/finarph/fhifoes/フィシャグスタフヴェルガナーデャ.html]
[sites.google.com/site/riparaincangku/ユエスレオネ人工世界設定/様々な文化/finarph/連邦言語保障監理官事務所.html]
[sites.google.com/site/riparaincangku/ユエスレオネ人工世界設定/様々な文化/finarph/ggsb.html]
[sites.google.com/site/riparaincangku/ユエスレオネ人工世界設定/様々な文化/keluxerl.html]
[sites.google.com/site/riparaincangku/ユエスレオネ人工世界設定/様々な文化/la-phil.html]
[sites.google.com/site/riparaincangku/ユエスレオネ人工世界設定/様々な文化/lersseal.html]
[sites.google.com/site/riparaincangku/ユエスレオネ人工世界設定/様々な文化/tvansko.html]
[sites.google.com/site/riparaincangku/ユエスレオネ人工世界設定/様々な文化/tvansko/フィアンシャ.html]
[sites.google.com/site/riparaincangku/ユエスレオネ人工世界設定/様々な文化/tvansko/リパラオネ教.html]
[sites.google.com/site/riparaincangku/ユエスレオネ人工世界設定/様々な文化/tvansko/リパラオネ教/anporlnem.html]
[sites.google.com/site/riparaincangku/ユエスレオネ人工世界設定/様々な文化/tvansko/リパラオネ教/dznielerche.html]
[sites.google.com/site/riparaincangku/ユエスレオネ人工世界設定/様々な文化/tvansko/リパラオネ教/fixaerl.html]
[sites.google.com/site/riparaincangku/ユエスレオネ人工世界設定/様々な文化/tvansko/リパラオネ教/iecisvies.html]
[sites.google.com/site/riparaincangku/ユエスレオネ人工世界設定/様々な文化/tvansko/リパラオネ教/キターの書ファシャグノタール.html]
[sites.google.com/site/riparaincangku/ユエスレオネ人工世界設定/様々な文化/tvansko/リパラオネ教/リパラオネ教での祈り方.html]
[sites.google.com/site/riparaincangku/ユエスレオネ人工世界設定/様々な文化/tvansko/リパラオネ教/ルーリア祭.html]
[sites.google.com/site/riparaincangku/ユエスレオネ人工世界設定/様々な文化/tvansko/リパラオネ教/神族の一覧.html]
[sites.google.com/site/riparaincangku/ユエスレオネ人工世界設定/様々な文化/tvansko/リパラオネ教/戦記.html]
[sites.google.com/site/riparaincangku/ユエスレオネ人工世界設定/様々な文化/yuesleone.html]
[sites.google.com/site/riparaincangku/ユエスレオネ人工世界設定/様々な文化/yuesleone/nyacyの路線など.html]
[sites.google.com/site/riparaincangku/ユエスレオネ人工世界設定/様々な文化/兵器.html]
[sites.google.com/site/riparaincangku/ユエスレオネ人工世界設定/様々な文化/歴史的人物.html]
[sites.google.com/site/riparaincangku/ユエスレオネ人工世界設定/様々な文化/歴史的人物/アンハルティアドヴェアンアンヴェハル.html]
[sites.google.com/site/riparaincangku/ユエスレオネ人工世界設定/様々な文化/歴史的人物/エスポーノドーハ.html]
[sites.google.com/site/riparaincangku/ユエスレオネ人工世界設定/様々な文化/歴史的人物/シェルケンスカーナ.html]
[sites.google.com/site/riparaincangku/ユエスレオネ人工世界設定/様々な文化/歴史的人物/シェルケンスカーナ/alesed-terselyr.html]
[sites.google.com/site/riparaincangku/ユエスレオネ人工世界設定/様々な文化/歴史的人物/ターフヴィールウォルツァスカイユ.html]
[sites.google.com/site/riparaincangku/ユエスレオネ人工世界設定/様々な文化/歴史的人物/_https_/ja.wikipedia.org/wiki/政治家_.151.delayed]
[sites.google.com/site/riparaincangku/ユエスレオネ人工世界設定/様々な文化/歴史的人物/_https_/ja.wikipedia.org/wiki/博士_.152.delayed]
[sites.google.com/site/riparaincangku/ユエスレオネ人工世界設定/様々な文化/歴史的人物/_https_/ja.wikipedia.org/wiki/2005年_.153.delayed]
[sites.google.com/site/riparaincangku/ユエスレオネ人工世界設定/様々な文化/歴史的人物/_https_/ja.wikipedia.org/wiki/ドイツ連邦議会_.154.delayed]
[sites.google.com/site/riparaincangku/ユエスレオネ人工世界設定/様々な文化/歴史的人物/_https_/ja.wikipedia.org/wiki/Template_政治家_.155.delayed]
[sites.google.com/site/riparaincangku/ユエスレオネ人工世界設定/様々な文化/歴史的人物/ターフヴィールエレーナ.html]
[sites.google.com/site/riparaincangku/ユエスレオネ人工世界設定/様々な文化/歴史的人物/ユレイシアアレス.html]
[sites.google.com/site/riparaincangku/ユエスレオネ人工世界設定/様々な文化/歴史的人物/レシェールアルヴェイユ.html]
[sites.google.com/site/riparaincangku/ユエスレオネ人工世界設定/様々な文化/歴史的人物/レシェールイスナシュテイユ.html]
[sites.google.com/site/riparaincangku/ユエスレオネ人工世界設定/様々な文化/歴史的人物/レシェールヴェンタフ.html]
[sites.google.com/site/riparaincangku/ユエスレオネ人工世界設定/様々な文化/歴史的人物/ローシャヘラアリェシセムシヤ.html]
[sites.google.com/site/riparaincangku/ユエスレオネ人工世界設定/歴史.html]
[sites.google.com/site/riparaincangku/ユエスレオネ人工世界設定/歴史/11.html]
[sites.google.com/site/riparaincangku/ユエスレオネ人工世界設定/歴史/elmod-fia.html]
[sites.google.com/site/riparaincangku/ユエスレオネ人工世界設定/歴史/farlliurdia-qak-xol-elmiesm.html]
[sites.google.com/site/riparaincangku/ユエスレオネ人工世界設定/歴史/lyjot.html]
[2f7376c5-a-62cb3a1a-s-sites.googlegroups.com/site/3tvalineparine/chiri/a/ファイクレオネ地図_プレート.15665e8.delayed]
[sites.google.com/site/sites/system/errors/WebspaceNotFound.157ac05.delayed]
[sites.google.com/site/riparaincangku/ユエスレオネ人工世界設定/歴史/philerl.html]
[sites.google.com/site/riparaincangku/ユエスレオネ人工世界設定/歴史/philerl/10月8日事件.html]
[accounts.google.com/ServiceLogina774.html]
[sites.google.com/site/riparaincangku/ユエスレオネ人工世界設定/歴史/philerl/_https_/ja.wikipedia.org/wiki/専門機関_.159.delayed]
[sites.google.com/site/riparaincangku/ユエスレオネ人工世界設定/歴史/philerl/_https_/ja.wikipedia.org/wiki/ワシントンD.C.15a.delayed]
[sites.google.com/site/riparaincangku/ユエスレオネ人工世界設定/歴史/philerl/aafc.html]
[sites.google.com/site/riparaincangku/ユエスレオネ人工世界設定/歴史/philerl/dyin.html]
[sites.google.com/site/riparaincangku/ユエスレオネ人工世界設定/歴史/philerl/dyin-ales-poltdzarl-elm.html]
[sites.google.com/site/riparaincangku/ユエスレオネ人工世界設定/歴史/philerl/dyin-ales-poltdzarl-elm/f-d-wpm.html]
[sites.google.com/site/riparaincangku/ユエスレオネ人工世界設定/歴史/philerl/dyin-ales-poltdzarl-elm/_http_/ja.wikipedia.org/wiki/浬_.15b.delayed]
[sites.google.com/site/riparaincangku/ユエスレオネ人工世界設定/歴史/philerl/dyin-ales-poltdzarl-elm/_http_/ja.wikipedia.org/wiki/カタパルト_.15c.delayed]
[sites.google.com/site/riparaincangku/ユエスレオネ人工世界設定/歴史/philerl/dyin-ales-poltdzarl-elm/fafs-slef.html]
[sites.google.com/site/riparaincangku/ユエスレオネ人工世界設定/歴史/philerl/dyin-ales-poltdzarl-elm/サニス第三条約.html]
[sites.google.com/site/riparaincangku/ユエスレオネ人工世界設定/歴史/philerl/dyin-ales-poltdzarl-elm/_https_/ja.wikipedia.org/wiki/チャールズ・ベックウィズ_.15d.delayed]
[sites.google.com/site/riparaincangku/ユエスレオネ人工世界設定/歴史/philerl/dyin-ales-poltdzarl-elm/_https_/ja.wikipedia.org/wiki/デルタフォース_.15e.delayed]
[sites.google.com/site/riparaincangku/ユエスレオネ人工世界設定/歴史/philerl/dyin-ales-poltdzarl-elm/フアーラエイン作戦.html]
[sites.google.com/site/riparaincangku/ユエスレオネ人工世界設定/歴史/philerl/eo-taloraxed-canisd-alarta.html]
[sites.google.com/site/riparaincangku/ユエスレオネ人工世界設定/歴史/philerl/fafjs.html]
[sites.google.com/site/riparaincangku/ユエスレオネ人工世界設定/歴史/philerl/fkec.html]
[sites.google.com/site/riparaincangku/ユエスレオネ人工世界設定/歴史/philerl/k-18-ヴェルガングスト.html]
[sites.google.com/site/riparaincangku/ユエスレオネ人工世界設定/歴史/philerl/lpf82-アルザッツァ.html]
[sites.google.com/site/riparaincangku/ユエスレオネ人工世界設定/歴史/philerl/&quot;&quot;.15f.delayed]
[sites.google.com/site/riparaincangku/ユエスレオネ人工世界設定/歴史/philerl/_http_/twoc.ever.jp/twoc/conlang.1606cd3.delayed]
[sites.google.com/site/riparaincangku/ユエスレオネ人工世界設定/歴史/philerl/_https_/www63.atwiki.jp/undeerl/pages/332.161.delayed]
[sites.google.com/site/riparaincangku/ユエスレオネ人工世界設定/歴史/philerl/_http_/sites.google.com/site/jurliyuuri/nian-biao/kdm_.162.delayed]
[sites.google.com/site/riparaincangku/ユエスレオネ人工世界設定/歴史/philerl/_https_/sites.google.com/site/linzizihai/_.163.delayed]
[sites.google.com/site/riparaincangku/ユエスレオネ人工世界設定/歴史/philerl/_http_/sites.google.com/site/4tvalipan/shi-jie/veifist_.164.delayed]
[sites.google.com/site/riparaincangku/ユエスレオネ人工世界設定/歴史/philerl/_http_/sites.google.com/site/jurliyuuri/nian-biao/riparaone-jiao/terso_.165.delayed]
[sites.google.com/site/riparaincangku/ユエスレオネ人工世界設定/歴史/philerl/mp.html]
[sites.google.com/site/riparaincangku/ユエスレオネ人工世界設定/歴史/philerl/mp/adlp.html]
[sites.google.com/site/riparaincangku/ユエスレオネ人工世界設定/歴史/philerl/mp/dherngha-dunalikafiady.html]
[sites.google.com/site/riparaincangku/ユエスレオネ人工世界設定/歴史/philerl/mp/dlgn.html]
[sites.google.com/site/riparaincangku/ユエスレオネ人工世界設定/歴史/philerl/mp/karihae-dunalikafiady.html]
[sites.google.com/site/riparaincangku/ユエスレオネ人工世界設定/歴史/philerl/mp/kie.html]
[sites.google.com/site/riparaincangku/ユエスレオネ人工世界設定/歴史/philerl/mp/klantez-tvasnarl-elm.html]
[sites.google.com/site/riparaincangku/ユエスレオネ人工世界設定/歴史/philerl/mp/nelt.html]
[sites.google.com/site/riparaincangku/ユエスレオネ人工世界設定/歴史/philerl/mp/xelken.html]
[sites.google.com/site/riparaincangku/ユエスレオネ人工世界設定/歴史/philerl/mp/サーム講和条約.html]
[sites.google.com/site/riparaincangku/ユエスレオネ人工世界設定/歴史/philerl/mp/フィシャフォンフィアンシャ.html]
[sites.google.com/site/riparaincangku/ユエスレオネ人工世界設定/歴史/philerl/mp/ユフィアドスキュリオーティエユリア.html]
[sites.google.com/site/riparaincangku/ユエスレオネ人工世界設定/歴史/philerl/mp/リパラオネ暗黒時代.html]
[sites.google.com/site/riparaincangku/ユエスレオネ人工世界設定/歴史/philerl/mp/ルラディヌアル.html]
[sites.google.com/site/riparaincangku/ユエスレオネ人工世界設定/歴史/philerl/mp/第一回オーディア教法会議.html]
[sites.google.com/site/riparaincangku/ユエスレオネ人工世界設定/歴史/philerl/mp/第一回黒月軍遠征.html]
[sites.google.com/site/riparaincangku/ユエスレオネ人工世界設定/歴史/philerl/pcf99-xelt-angil.html]
[sites.google.com/site/riparaincangku/ユエスレオネ人工世界設定/歴史/philerl/phil-2005年ユエスレオネ連邦議会選挙.html]
[sites.google.com/site/riparaincangku/ユエスレオネ人工世界設定/歴史/philerl/phil-2015年ユエスレオネ連邦議会選挙.html]
[sites.google.com/site/riparaincangku/ユエスレオネ人工世界設定/歴史/philerl/_http_/ja.wikipedia.org/wiki/公用語_.166.delayed]
[sites.google.com/site/riparaincangku/ユエスレオネ人工世界設定/歴史/philerl/_http_/ja.wikipedia.org/wiki/首都_.167.delayed]
[sites.google.com/site/riparaincangku/ユエスレオネ人工世界設定/歴史/philerl/pien-menissed-chafiofes-fantas.html]
[sites.google.com/site/riparaincangku/ユエスレオネ人工世界設定/歴史/philerl/retadzakhal.html]
[sites.google.com/site/riparaincangku/ユエスレオネ人工世界設定/歴史/philerl/tfvlrtvl.html]
[sites.google.com/site/riparaincangku/ユエスレオネ人工世界設定/歴史/philerl/xelken-ales.html]
[sites.google.com/site/riparaincangku/ユエスレオネ人工世界設定/歴史/philerl/イスケ紛争.html]
[sites.google.com/site/riparaincangku/ユエスレオネ人工世界設定/歴史/philerl/キャスカファルザーユミリア.html]
[sites.google.com/site/riparaincangku/ユエスレオネ人工世界設定/歴史/philerl/ショレゼスコ.html]
[sites.google.com/site/riparaincangku/ユエスレオネ人工世界設定/歴史/philerl/チャショーテ.html]
[sites.google.com/site/riparaincangku/ユエスレオネ人工世界設定/歴史/philerl/ファルトクノア共和国.html]
[sites.google.com/site/riparaincangku/ユエスレオネ人工世界設定/歴史/philerl/ファルトクノア内戦.html]
[sites.google.com/site/riparaincangku/ユエスレオネ人工世界設定/歴史/philerl/フェディア文化共同体.html]
[sites.google.com/site/riparaincangku/ユエスレオネ人工世界設定/歴史/philerl/フォルシンソ計画.html]
[sites.google.com/site/riparaincangku/ユエスレオネ人工世界設定/歴史/philerl/ユフィシャール民主化闘争.html]
[sites.google.com/site/riparaincangku/ユエスレオネ人工世界設定/歴史/philerl/ユンカーの鐘.html]
[sites.google.com/site/riparaincangku/ユエスレオネ人工世界設定/歴史/philerl/_http_/ja.wikipedia.org/wiki/RDX_.168.delayed]
[sites.google.com/site/riparaincangku/ユエスレオネ人工世界設定/歴史/philerl/ラメスト同時多発テロ.html]
[sites.google.com/site/riparaincangku/ユエスレオネ人工世界設定/歴史/philerl/ラメスト同時多発テロ/haten-larta-normtad-mela.html]
[sites.google.com/site/riparaincangku/ユエスレオネ人工世界設定/歴史/philerl/リナエストオルス共和国.html]
[sites.google.com/site/riparaincangku/ユエスレオネ人工世界設定/歴史/philerl/リパナス.html]
[sites.google.com/site/riparaincangku/ユエスレオネ人工世界設定/歴史/philerl/リーサカクザ.html]
[sites.google.com/site/riparaincangku/ユエスレオネ人工世界設定/歴史/philerl/リーサカクザ/シャーシュ学派.html]
[sites.google.com/site/riparaincangku/ユエスレオネ人工世界設定/歴史/philerl/レイチャット占卜.html]
[sites.google.com/site/riparaincangku/ユエスレオネ人工世界設定/歴史/philerl/レシュト.html]
[sites.google.com/site/riparaincangku/ユエスレオネ人工世界設定/歴史/philerl/ヴァルガンテ.html]
[sites.google.com/site/riparaincangku/ユエスレオネ人工世界設定/歴史/philerl/ヴェフィス共和国.html]
[sites.google.com/site/riparaincangku/ユエスレオネ人工世界設定/歴史/philerl/ヴェフィス共和国/修正理歴.html]
[sites.google.com/site/riparaincangku/ユエスレオネ人工世界設定/歴史/philerl/_http_/www.jurliyuuri.info/wiki/リパラオネ思想.169.delayed]
[sites.google.com/site/riparaincangku/ユエスレオネ人工世界設定/歴史/philerl/_http_/www.jurliyuuri.info/wiki/リパラオネ文学.16a.delayed]
[sites.google.com/site/riparaincangku/ユエスレオネ人工世界設定/歴史/philerl/_https_/ja.wikipedia.org/wiki/ヴァルター・ベンヤミン.16b.delayed]
[sites.google.com/site/riparaincangku/ユエスレオネ人工世界設定/歴史/philerl/ヴェルテウルシュテックレヴァーニ.html]
[sites.google.com/site/riparaincangku/ユエスレオネ人工世界設定/歴史/philerl/人を殺すフォント.html]
[sites.google.com/site/riparaincangku/ユエスレオネ人工世界設定/歴史/philerl/北の国から.html]
[sites.google.com/site/riparaincangku/ユエスレオネ人工世界設定/歴史/philerl/容疑者.html]
[sites.google.com/site/riparaincangku/ユエスレオネ人工世界設定/歴史/philerl/_http_/jurliyuuri.com/lineparine/grimoire/index.html]
[sites.google.com/site/riparaincangku/ユエスレオネ人工世界設定/歴史/philerl/_https_/ja.wikipedia.org/wiki/2006年_.16c.delayed]
[sites.google.com/site/riparaincangku/ユエスレオネ人工世界設定/歴史/philerl/_https_/ja.wikipedia.org/wiki/市民団体_.16d.delayed]
[sites.google.com/site/riparaincangku/ユエスレオネ人工世界設定/歴史/philerl/_https_/ja.wikipedia.org/wiki/公用語_.16e.delayed]
[sites.google.com/site/riparaincangku/ユエスレオネ人工世界設定/歴史/philerl/_https_/ja.wikipedia.org/wiki/維新政党・新風_.16f.delayed]
[sites.google.com/site/riparaincangku/ユエスレオネ人工世界設定/歴史/philerl/_https_/ja.wikipedia.org/wiki/スタッフ_.170.delayed]
[sites.google.com/site/riparaincangku/ユエスレオネ人工世界設定/歴史/philerl/民族保守運動.html]
[sites.google.com/site/riparaincangku/ユエスレオネ人工世界設定/歴史/philerl/神聖契約.html]
[sites.google.com/site/riparaincangku/ユエスレオネ人工世界設定/歴史/philerl/綴字改革論争asvielm-fon-ljotraxol.html]
[sites.google.com/site/riparaincangku/ユエスレオネ人工世界設定/歴史/philerl/聖ヴィレティ団.html]
[sites.google.com/site/riparaincangku/ユエスレオネ人工世界設定/歴史/philerl/諸島戦争.html]
[sites.google.com/site/riparaincangku/ユエスレオネ人工世界設定/歴史/philerl/連邦化政策.html]
[sites.google.com/site/riparaincangku/ユエスレオネ人工世界設定/歴史/siestor-elmiesm.html]
[sites.google.com/site/riparaincangku/ユエスレオネ人工世界設定/歴史/siestor-elmiesm/263.html]
[sites.google.com/site/riparaincangku/ユエスレオネ人工世界設定/歴史/ファイクレオネ法制史.html]
[sites.google.com/site/riparaincangku/ユエスレオネ人工世界設定/歴史/燐帝字母研究史.html]
[sites.google.com/site/riparaincangku/ユエスレオネ人工世界設定/派生語方言.html]
[sites.google.com/site/riparaincangku/ユエスレオネ人工世界設定/派生語方言/airen-linefarirjen.html]
[sites.google.com/site/riparaincangku/ユエスレオネ人工世界設定/派生語方言/al.html]
[sites.google.com/site/riparaincangku/ユエスレオネ人工世界設定/派生語方言/aplartvirle.html]
[sites.google.com/site/riparaincangku/ユエスレオネ人工世界設定/派生語方言/durzn-lineparine.html]
[sites.google.com/site/riparaincangku/ユエスレオネ人工世界設定/派生語方言/_https_/twitter.com/sashimiwiki/status/1024711514152787970_.171.delayed]
[sites.google.com/site/riparaincangku/ユエスレオネ人工世界設定/派生語方言/&quot;&quot;.172.delayed]
[sites.google.com/site/riparaincangku/ユエスレオネ人工世界設定/派生語方言/_https_/twitter.com/sashimiwiki/status/1287467403266256896_.173.delayed]
[sites.google.com/site/riparaincangku/ユエスレオネ人工世界設定/派生語方言/dyinen-lurkxarg.html]
[sites.google.com/site/riparaincangku/ユエスレオネ人工世界設定/派生語方言/estisiavirle.html]
[sites.google.com/site/riparaincangku/ユエスレオネ人工世界設定/派生語方言/fyna.html]
[sites.google.com/site/riparaincangku/ユエスレオネ人工世界設定/派生語方言/_http_/jurliyuuri.com/lineparine/index.html]
[sites.google.com/site/riparaincangku/ユエスレオネ人工世界設定/派生語方言/_http_/ja.wikipedia.org/wiki/インド_.174.delayed]
[sites.google.com/site/riparaincangku/ユエスレオネ人工世界設定/派生語方言/_http_/twoc.ever.jp/twoc/conlang.175047c.delayed]
[sites.google.com/site/riparaincangku/ユエスレオネ人工世界設定/派生語方言/_http_/ja.wikipedia.org/wiki/言語のグループの一覧_.176.delayed]
[sites.google.com/site/riparaincangku/ユエスレオネ人工世界設定/派生語方言/_goog_334770960___/a_.177.delayed]
[sites.google.com/site/riparaincangku/ユエスレオネ人工世界設定/派生語方言/_http_/ja.wikipedia.org/wiki/表記体系_.178.delayed]
[sites.google.com/site/riparaincangku/ユエスレオネ人工世界設定/派生語方言/_http_/ja.wikipedia.org/wiki/シンガポール_.179.delayed]
[sites.google.com/site/riparaincangku/ユエスレオネ人工世界設定/派生語方言/lkurftlessd-air.html]
[sites.google.com/site/riparaincangku/ユエスレオネ人工世界設定/派生語方言/lkurftlessd-air/エッツィア語.html]
[sites.google.com/site/riparaincangku/ユエスレオネ人工世界設定/派生語方言/lkurftlessd-air/ファルトクノアアイル語.html]
[sites.google.com/site/riparaincangku/ユエスレオネ人工世界設定/派生語方言/lnp.html]
[sites.google.com/site/riparaincangku/ユエスレオネ人工世界設定/派生語方言/lurkxarg-yuesderassd-y.html]
[sites.google.com/site/riparaincangku/ユエスレオネ人工世界設定/派生語方言/lurkxark-huon-paige.html]
[sites.google.com/site/riparaincangku/ユエスレオネ人工世界設定/派生語方言/nadyr.html]
[sites.google.com/site/riparaincangku/ユエスレオネ人工世界設定/派生語方言/ygl.html]
[sites.google.com/site/riparaincangku/ユエスレオネ人工世界設定/派生語方言/カンルーッフー語.html]
[sites.google.com/site/riparaincangku/ユエスレオネ人工世界設定/派生語方言/_https_/ja.wikipedia.org/wiki/国際音声記号_.17a.delayed]
[sites.google.com/site/riparaincangku/ユエスレオネ人工世界設定/派生語方言/_https_/ja.wikipedia.org/wiki/言語のグループの一覧_.17b.delayed]
[sites.google.com/site/riparaincangku/ユエスレオネ人工世界設定/派生語方言/_https_/ja.wikipedia.org/wiki/表記体系_.17c.delayed]
[sites.google.com/site/riparaincangku/ユエスレオネ人工世界設定/派生語方言/タウニラウィッリー語.html]
[sites.google.com/site/riparaincangku/ユエスレオネ人工世界設定/派生語方言/ダルヴシア語.html]
[sites.google.com/site/riparaincangku/ユエスレオネ人工世界設定/派生語方言/パエンタ語.html]
[sites.google.com/site/riparaincangku/ユエスレオネ人工世界設定/派生語方言/ファルトクノア方言.html]
[sites.google.com/site/riparaincangku/ユエスレオネ人工世界設定/派生語方言/フレッドシャー語.html]
[sites.google.com/site/riparaincangku/ユエスレオネ人工世界設定/派生語方言/プラーッテープ語.html]
[sites.google.com/site/riparaincangku/ユエスレオネ人工世界設定/派生語方言/ユーゲ方言.html]
[sites.google.com/site/riparaincangku/ユエスレオネ人工世界設定/派生語方言/_http_/ja.wikipedia.org/wiki/ゲルマン語派_.17d.delayed]
[sites.google.com/site/riparaincangku/ユエスレオネ人工世界設定/派生語方言/ラディーニャ語.html]
[sites.google.com/site/riparaincangku/ユエスレオネ人工世界設定/派生語方言/ルテリス語.html]
[sites.google.com/site/riparaincangku/ユエスレオネ人工世界設定/派生語方言/ルテリス語/ルテリス語ポータルページ.html]
[sites.google.com/site/riparaincangku/ユエスレオネ人工世界設定/派生語方言/ルテリス語/ルテリス語ポータルページ/ルテリス語とは.html]
[sites.google.com/site/riparaincangku/ユエスレオネ人工世界設定/派生語方言/ルテリス語/ルテリス語ポータルページ/代名詞.html]
[sites.google.com/site/riparaincangku/ユエスレオネ人工世界設定/派生語方言/ルテリス語/ルテリス語ポータルページ/前置詞.html]
[sites.google.com/site/riparaincangku/ユエスレオネ人工世界設定/派生語方言/ルテリス語/ルテリス語ポータルページ/否定文疑問文.html]
[sites.google.com/site/riparaincangku/ユエスレオネ人工世界設定/派生語方言/ルテリス語/ルテリス語ポータルページ/命令依頼禁止.html]
[sites.google.com/site/riparaincangku/ユエスレオネ人工世界設定/派生語方言/ルテリス語/ルテリス語ポータルページ/_http_/nagili.minibird.jp/page/conlang.17e83b9.delayed]
[sites.google.com/site/riparaincangku/ユエスレオネ人工世界設定/派生語方言/ルテリス語/ルテリス語ポータルページ/_http_/nagili.minibird.jp/page/conlang.17f989d.delayed]
[sites.google.com/site/riparaincangku/ユエスレオネ人工世界設定/派生語方言/ルテリス語/ルテリス語ポータルページ/_http_/nagili.minibird.jp/page/conlang.180dfcd.delayed]
[sites.google.com/site/riparaincangku/ユエスレオネ人工世界設定/派生語方言/ルテリス語/ルテリス語ポータルページ/_http_/nagili.minibird.jp/page/conlang.181966b.delayed]
[sites.google.com/site/riparaincangku/ユエスレオネ人工世界設定/派生語方言/ルテリス語/ルテリス語ポータルページ/_http_/nagili.minibird.jp/page/conlang.182ea33.delayed]
[sites.google.com/site/riparaincangku/ユエスレオネ人工世界設定/派生語方言/ルテリス語/ルテリス語ポータルページ/接続詞.html]
[sites.google.com/site/riparaincangku/ユエスレオネ人工世界設定/派生語方言/ルテリス語/ルテリス語ポータルページ/敬語.html]
[sites.google.com/site/riparaincangku/ユエスレオネ人工世界設定/派生語方言/ルテリス語/ルテリス語ポータルページ/数詞.html]
[sites.google.com/site/riparaincangku/ユエスレオネ人工世界設定/派生語方言/ルテリス語/ルテリス語ポータルページ/文字と発音.html]
[sites.google.com/site/riparaincangku/ユエスレオネ人工世界設定/派生語方言/ルテリス語/ルテリス語ポータルページ/時相.html]
[sites.google.com/site/riparaincangku/ユエスレオネ人工世界設定/派生語方言/ルテリス語/ルテリス語ポータルページ/条文宣言等.html]
[sites.google.com/site/riparaincangku/ユエスレオネ人工世界設定/派生語方言/ルテリス語/ルテリス語ポータルページ/格と緩衝音.html]
[sites.google.com/site/riparaincangku/ユエスレオネ人工世界設定/派生語方言/ルテリス語/ルテリス語ポータルページ/法制詞.html]
[sites.google.com/site/riparaincangku/ユエスレオネ人工世界設定/派生語方言/ルテリス語/ルテリス語ポータルページ/級.html]
[sites.google.com/site/riparaincangku/ユエスレオネ人工世界設定/派生語方言/ルテリス語/ルテリス語ポータルページ/語順.html]
[sites.google.com/site/riparaincangku/ユエスレオネ人工世界設定/派生語方言/ルテリス語/ルテリス語ポータルページ/関係節.html]
[sites.google.com/site/riparaincangku/ユエスレオネ人工世界設定/派生語方言/ルテリス語/ルテリス語ポータルページ/極東君主国同盟条約.html]
[sites.google.com/site/riparaincangku/ユエスレオネ人工世界設定/派生語方言/ロポバサトガ.html]
[sites.google.com/site/riparaincangku/ユエスレオネ人工世界設定/派生語方言/東島通商語.html]
[sites.google.com/site/riparaincangku/ユエスレオネ人工世界設定/派生語方言/水家語.html]
[sites.google.com/site/riparaincangku/ユミサ語.html]
[sites.google.com/site/riparaincangku/リパライン論.html]
[sites.google.com/site/riparaincangku/リパライン論/リパライン論単語辞典.html]
[sites.google.com/site/riparaincangku/リパライン論/文化.html]
[sites.google.com/site/riparaincangku/リパライン論/文化/aloajerlerm.html]
[sites.google.com/site/riparaincangku/リパライン論/文化/lyvete-naliuftona.html]
[sites.google.com/site/riparaincangku/リパライン論/文化/la-lkurf-add-la-krante.html]
[sites.google.com/site/riparaincangku/リパライン論/文化/la-salarua.html]
[sites.google.com/site/riparaincangku/リパライン論/文化/la-yvete-dare-kranterl.html]
[sites.google.com/site/riparaincangku/リパライン論/文化/nesn.html]
[sites.google.com/site/riparaincangku/リパライン論/文化/soui.html]
[sites.google.com/site/riparaincangku/リパライン論/文化/xelken.html]
[sites.google.com/site/riparaincangku/リパライン論/文化/相位詞グラフ.html]
[sites.google.com/site/riparaincangku/リパライン論/文法.html]
[sites.google.com/site/riparaincangku/リパライン論/文法/kraftanix.html]
[sites.google.com/site/riparaincangku/リパライン論/文法/luo.html]
[sites.google.com/site/riparaincangku/リパライン論/総論.html]
[sites.google.com/site/riparaincangku/リパライン論/総論/edioll-lkurftless-add-lineparinei-lelessse.html]
[sites.google.com/site/riparaincangku/リパライン論/総論/esd-viestiest.html]
[sites.google.com/site/riparaincangku/リパライン論/総論/hamie-lineparines-laozia.html]
[sites.google.com/site/riparaincangku/リパライン論/総論/jixur.html]
[sites.google.com/site/riparaincangku/リパライン論/総論/kranteerl.html]
[sites.google.com/site/riparaincangku/リパライン論/総論/lexerl-foro.html]
[sites.google.com/site/riparaincangku/リパライン論/語彙.html]
[sites.google.com/site/riparaincangku/リパライン論/語彙/krd-lkurftes.html]
[sites.google.com/site/riparaincangku/倉庫.html]
[sites.google.com/site/riparaincangku/倉庫/オーレー語.html]
[sites.google.com/site/riparaincangku/倉庫/ユーゴック語参考資料置き場.html]
[sites.google.com/site/riparaincangku/倉庫/君は牛を二頭持っている.html]
[sites.google.com/site/riparaincangku/倉庫/君は牛を二頭持っている-人工言語版.html]
[sites.google.com/site/riparaincangku/倉庫/理語ルークシャーグまとめ.html]
[sites.google.com/site/riparaincangku/倉庫2.html]
[sites.google.com/site/riparaincangku/倉庫2/ユエスレオネ_チャット戦争.html]
[sites.google.com/site/riparaincangku/倉庫2/ユエスレオネ主義.html]
[sites.google.com/site/riparaincangku/倉庫2/糞な連邦.html]
[sites.google.com/site/riparaincangku/倉庫2/翻訳課題1.html]
[sites.google.com/site/riparaincangku/倉庫3小説等.html]
[sites.google.com/site/riparaincangku/倉庫3小説等/cene-niv-lamcol-eniar.html]
[sites.google.com/site/riparaincangku/倉庫3小説等/kranteerl-y-io-xal.html]
[sites.google.com/site/riparaincangku/倉庫3小説等/ユエスレオネ人をイラッとさせる方法.html]
[sites.google.com/site/riparaincangku/倉庫3小説等/リパコールさんの日常.html]
[sites.google.com/site/riparaincangku/倉庫3小説等/人工言語作成者に50の質問.html]
[sites.google.com/site/riparaincangku/倉庫3小説等/強制復帰装置.html]
[sites.google.com/site/riparaincangku/倉庫3小説等/時制と相の表.html]
[sites.google.com/site/riparaincangku/倉庫3小説等/花は咲く-人工言語で歌おう.html]
[sites.google.com/site/riparaincangku/倉庫3小説等/花は咲く-人工言語で歌おう/xlai_花は咲く人工言語で歌おう.html]
[sites.google.com/site/riparaincangku/倉庫3小説等/花は咲く-人工言語で歌おう/シヴァン文字による転写.html]
[sites.google.com/site/riparaincangku/繋辞文存在文.html]
[sites.google.com/site/riparaincangku/言語の歴史.html]
[sites.google.com/site/riparaincangku/ユエスレオネ人工世界設定/様々な文化/finarph/fhifoes/_https_/ja.wikipedia.org/wiki/政党_.html]
[sites.google.com/site/riparaincangku/ユエスレオネ人工世界設定/様々な文化/finarph/fhifoes/_https_/ja.wikipedia.org/wiki/Template_政党_.html]
[sites.google.com/site/riparaincangku/ユエスレオネ人工世界設定/様々な文化/歴史的人物/_https_/ja.wikipedia.org/wiki/政治家_.html]
[sites.google.com/site/riparaincangku/ユエスレオネ人工世界設定/様々な文化/歴史的人物/_https_/ja.wikipedia.org/wiki/博士_.html]
[sites.google.com/site/riparaincangku/ユエスレオネ人工世界設定/様々な文化/歴史的人物/_https_/ja.wikipedia.org/wiki/2005年_.html]
[sites.google.com/site/riparaincangku/ユエスレオネ人工世界設定/様々な文化/歴史的人物/_https_/ja.wikipedia.org/wiki/ドイツ連邦議会_.html]
[sites.google.com/site/riparaincangku/ユエスレオネ人工世界設定/様々な文化/歴史的人物/_https_/ja.wikipedia.org/wiki/Template_政治家_.html]
[ssl.gstatic.com/ui/v1/menu/checkmark.png]
[ssl.gstatic.com/accounts/ui/logo_1x.png]
[ssl.gstatic.com/images/branding/googlelogo/1x/googlelogo_color_112x36dp.png]
[ssl.gstatic.com/accounts/ui/logo_2x.png]
[ssl.gstatic.com/images/branding/googlelogo/2x/googlelogo_color_112x36dp.png]
[ssl.gstatic.com/accounts/ui/wlogostrip_230x17_1x.png]
[ssl.gstatic.com/accounts/ui/wlogostrip_230x17_2x.png]
[ssl.gstatic.com/ui/v1/icons/common/x_8px.png]
[ssl.gstatic.com/accounts/ui/avatar_2x.png]
[accounts.google.com/signin/usernamerecoverye2dd.html]
[accounts.google.com/AccountChooser.18d6f47.delayed]
[accounts.google.com/ServiceLogina61c.html]
[accounts.google.com/SignUpf0f4.html]
[accounts.google.com/TOS.190f917.delayed]
[accounts.google.com/TOS.191ba51.delayed]
[ssl.gstatic.com/images/icons/ui/common/universal_language_settings-21.png]
[accounts.google.com/POST.193.delayed]
[accounts.google.com/GET.194.delayed]
[accounts.google.com/ServiceLogina774.html]
[sites.google.com/site/riparaincangku/ユエスレオネ人工世界設定/歴史/philerl/_https_/ja.wikipedia.org/wiki/専門機関_.html]
[sites.google.com/site/riparaincangku/ユエスレオネ人工世界設定/歴史/philerl/_https_/ja.wikipedia.org/wiki/ワシントンD.C.html]
[sites.google.com/site/riparaincangku/ユエスレオネ人工世界設定/歴史/philerl/dyin-ales-poltdzarl-elm/_http_/ja.wikipedia.org/wiki/浬_.html]
[sites.google.com/site/riparaincangku/ユエスレオネ人工世界設定/歴史/philerl/dyin-ales-poltdzarl-elm/_http_/ja.wikipedia.org/wiki/カタパルト_.html]
[sites.google.com/site/riparaincangku/ユエスレオネ人工世界設定/歴史/philerl/dyin-ales-poltdzarl-elm/_https_/ja.wikipedia.org/wiki/チャールズ・ベックウィズ_.html]
[sites.google.com/site/riparaincangku/ユエスレオネ人工世界設定/歴史/philerl/dyin-ales-poltdzarl-elm/_https_/ja.wikipedia.org/wiki/デルタフォース_.html]
[sites.google.com/site/riparaincangku/ユエスレオネ人工世界設定/歴史/philerl/&quot;&quot;.html]
[sites.google.com/site/riparaincangku/ユエスレオネ人工世界設定/歴史/philerl/_http_/twoc.ever.jp/twoc/conlang6cd3.html]
[sites.google.com/site/riparaincangku/ユエスレオネ人工世界設定/歴史/philerl/_https_/www63.atwiki.jp/undeerl/pages/332.html]
[sites.google.com/site/riparaincangku/ユエスレオネ人工世界設定/歴史/philerl/_http_/sites.google.com/site/jurliyuuri/nian-biao/kdm_.html]
[sites.google.com/site/riparaincangku/ユエスレオネ人工世界設定/歴史/philerl/_https_/sites.google.com/site/linzizihai/_.html]
[sites.google.com/site/riparaincangku/ユエスレオネ人工世界設定/歴史/philerl/_http_/sites.google.com/site/4tvalipan/shi-jie/veifist_.html]
[sites.google.com/site/riparaincangku/ユエスレオネ人工世界設定/歴史/philerl/_http_/sites.google.com/site/jurliyuuri/nian-biao/riparaone-jiao/terso_.html]
[sites.google.com/site/riparaincangku/ユエスレオネ人工世界設定/歴史/philerl/_http_/ja.wikipedia.org/wiki/公用語_.html]
[sites.google.com/site/riparaincangku/ユエスレオネ人工世界設定/歴史/philerl/_http_/ja.wikipedia.org/wiki/首都_.html]
[sites.google.com/site/riparaincangku/ユエスレオネ人工世界設定/歴史/philerl/_http_/ja.wikipedia.org/wiki/RDX_.html]
[sites.google.com/site/riparaincangku/ユエスレオネ人工世界設定/歴史/philerl/_http_/www.jurliyuuri.info/wiki/リパラオネ思想.html]
[sites.google.com/site/riparaincangku/ユエスレオネ人工世界設定/歴史/philerl/_http_/www.jurliyuuri.info/wiki/リパラオネ文学.html]
[sites.google.com/site/riparaincangku/ユエスレオネ人工世界設定/歴史/philerl/_https_/ja.wikipedia.org/wiki/ヴァルター・ベンヤミン.html]
[sites.google.com/site/riparaincangku/ユエスレオネ人工世界設定/歴史/philerl/_http_/jurliyuuri.com/lineparine/grimoire/index.html]
[sites.google.com/site/riparaincangku/ユエスレオネ人工世界設定/歴史/philerl/_https_/ja.wikipedia.org/wiki/2006年_.html]
[sites.google.com/site/riparaincangku/ユエスレオネ人工世界設定/歴史/philerl/_https_/ja.wikipedia.org/wiki/市民団体_.html]
[sites.google.com/site/riparaincangku/ユエスレオネ人工世界設定/歴史/philerl/_https_/ja.wikipedia.org/wiki/公用語_.html]
[sites.google.com/site/riparaincangku/ユエスレオネ人工世界設定/歴史/philerl/_https_/ja.wikipedia.org/wiki/維新政党・新風_.html]
[sites.google.com/site/riparaincangku/ユエスレオネ人工世界設定/歴史/philerl/_https_/ja.wikipedia.org/wiki/スタッフ_.html]
[sites.google.com/site/riparaincangku/ユエスレオネ人工世界設定/派生語方言/_https_/twitter.com/sashimiwiki/status/1024711514152787970_.html]
[sites.google.com/site/riparaincangku/ユエスレオネ人工世界設定/派生語方言/&quot;&quot;.html]
[sites.google.com/site/riparaincangku/ユエスレオネ人工世界設定/派生語方言/_https_/twitter.com/sashimiwiki/status/1287467403266256896_.html]
[sites.google.com/site/riparaincangku/ユエスレオネ人工世界設定/派生語方言/_http_/jurliyuuri.com/lineparine/index.html]
[sites.google.com/site/riparaincangku/ユエスレオネ人工世界設定/派生語方言/_http_/ja.wikipedia.org/wiki/インド_.html]
[sites.google.com/site/riparaincangku/ユエスレオネ人工世界設定/派生語方言/_http_/twoc.ever.jp/twoc/conlang047c.html]
[sites.google.com/site/riparaincangku/ユエスレオネ人工世界設定/派生語方言/_http_/ja.wikipedia.org/wiki/言語のグループの一覧_.html]
[sites.google.com/site/riparaincangku/ユエスレオネ人工世界設定/派生語方言/_goog_334770960___/a_.html]
[sites.google.com/site/riparaincangku/ユエスレオネ人工世界設定/派生語方言/_http_/ja.wikipedia.org/wiki/表記体系_.html]
[sites.google.com/site/riparaincangku/ユエスレオネ人工世界設定/派生語方言/_http_/ja.wikipedia.org/wiki/シンガポール_.html]
[sites.google.com/site/riparaincangku/ユエスレオネ人工世界設定/派生語方言/_https_/ja.wikipedia.org/wiki/国際音声記号_.html]
[sites.google.com/site/riparaincangku/ユエスレオネ人工世界設定/派生語方言/_https_/ja.wikipedia.org/wiki/言語のグループの一覧_.html]
[sites.google.com/site/riparaincangku/ユエスレオネ人工世界設定/派生語方言/_https_/ja.wikipedia.org/wiki/表記体系_.html]
[sites.google.com/site/riparaincangku/ユエスレオネ人工世界設定/派生語方言/_http_/ja.wikipedia.org/wiki/ゲルマン語派_.html]
[sites.google.com/site/riparaincangku/ユエスレオネ人工世界設定/派生語方言/ルテリス語/ルテリス語ポータルページ/_http_/nagili.minibird.jp/page/conlang83b9.html]
[sites.google.com/site/riparaincangku/ユエスレオネ人工世界設定/派生語方言/ルテリス語/ルテリス語ポータルページ/_http_/nagili.minibird.jp/page/conlang989d.html]
[sites.google.com/site/riparaincangku/ユエスレオネ人工世界設定/派生語方言/ルテリス語/ルテリス語ポータルページ/_http_/nagili.minibird.jp/page/conlangdfcd.html]
[sites.google.com/site/riparaincangku/ユエスレオネ人工世界設定/派生語方言/ルテリス語/ルテリス語ポータルページ/_http_/nagili.minibird.jp/page/conlang966b.html]
[sites.google.com/site/riparaincangku/ユエスレオネ人工世界設定/派生語方言/ルテリス語/ルテリス語ポータルページ/_http_/nagili.minibird.jp/page/conlangea33.html]
[accounts.google.com/signin/usernamerecoverye2dd.html]
[accounts.google.com/AccountChooser.197dd97.delayed]
[accounts.google.com/ServiceLogina61c.html]
[accounts.google.com/SignUp9e29.html]
[ssl.gstatic.com/ui/v1/dialog/close-x.png]
[ssl.gstatic.com/i18n/phonenumbers/phoneinputwidget/flags4.png]
[ssl.gstatic.com/ui/v1/disclosure/grey-disclosure-arrow-up-down.png]
[ssl.gstatic.com/i18n/phonenumbers/phoneinputwidget/phone-input-arrow.png]
[ssl.gstatic.com/accounts/ui/wlogostrip_325x24_1x.png]
[ssl.gstatic.com/accounts/signup/devices_1x.png]
[ssl.gstatic.com/accounts/ui/wlogostrip_325x24_2x.png]
[ssl.gstatic.com/accounts/signup/devices_2x.png]
[accounts.google.com/+/index.html]
[accounts.google.com/ServiceLogin91a0.html]
[ssl.gstatic.com/accounts/ui/refresh_white.png]
[accounts.google.com/SignUpWithoutGmail3c71.html]
[www.gstatic.com/images/icons/material/system/2x/keyboard_arrow_down_white_24dp.png]
[accounts.google.com/SignUpf0f4.html]
[accounts.google.com/POST.html]
[accounts.google.com/GET.html]
[accounts.google.com/signin/recovery5e56.html]
[accounts.google.com/ServiceLogin62c0.html]
[accounts.google.com/SignUpWithoutGmail18af.html]
[accounts.google.com/SignUp9e29.html]
[accounts.google.com/+/index.html]
[accounts.google.com/signin/recoveryb407.html]
[accounts.google.com/AccountChooser.1b191a0.delayed]
[accounts.google.com/ServiceLogin91a0.html]
[accounts.google.com/ServiceLoginf628.html]
[accounts.google.com/SignUpWithoutGmail9e29.html]
[accounts.google.com/SignUpWithoutGmail3c71.html]
[accounts.google.com/signin/recovery5e56.html]
[accounts.google.com/SignUp3c71.html]
[accounts.google.com/signin/usernamerecovery2164.html]
[accounts.google.com/AccountChooser.1bd62c0.delayed]
[accounts.google.com/ServiceLoginb8f8.html]
[accounts.google.com/ServiceLogin62c0.html]
[accounts.google.com/SignUpb407.html]
[accounts.google.com/SignUpWithoutGmail18af.html]
[accounts.google.com/signin/recoveryb407.html]
[accounts.google.com/SignUp18af.html]
[accounts.google.com/AccountChooser.1c84b28.delayed]
[accounts.google.com/ServiceLoginf628.html]
[accounts.google.com/ServiceLogin7aca.html]
[accounts.google.com/SignUpWithoutGmail9e29.html]
[accounts.google.com/SignUp3c71.html]
[accounts.google.com/signin/usernamerecovery2164.html]
[accounts.google.com/SignUp54a9.html]
[accounts.google.com/AccountChooser.1d5cd16.delayed]
[accounts.google.com/ServiceLoginb8f8.html]
[accounts.google.com/ServiceLogin3edc.html]
[accounts.google.com/SignUpb407.html]
[accounts.google.com/SignUp18af.html]
[accounts.google.com/SignUpWithoutGmail2e3a.html]
[accounts.google.com/AccountChooser.1e07aca.delayed]
[accounts.google.com/ServiceLogin7aca.html]
[accounts.google.com/SignUp54a9.html]
[accounts.google.com/SignUpWithoutGmail54a9.html]
[accounts.google.com/AccountChooser.1e73edc.delayed]
[accounts.google.com/ServiceLogin3edc.html]
[accounts.google.com/SignUpWithoutGmail2e3a.html]
[accounts.google.com/SignUpWithoutGmail54a9.html]
[accounts.google.com/SignUp2e3a.html]
[accounts.google.com/SignUp2e3a.html]
